                                                                           
                                                                           
***************************************************************************
***                                                                     ***
***                                                                     ***
***          __  __ ____   ____ _                                       ***
***         |  \/  |  _ \ / ___| |__   ___ _ __ ___                     ***
***         | |\/| | |_) | |   | '_ \ / _ \ '_ ` _ \                    ***
***         | |  | |  _ <| |___| | | |  __/ | | | | |                   ***
***         |_|  |_|_| \_\\____|_| |_|\___|_| |_| |_|                   ***
***                                                                     ***
***         VERSION            1.2.0-alpha                              ***
***                                                                     ***
***         Git branch         master                                   ***
***         Git commit hash    d6a1a67ced60ba46a7d9-dirty               ***
***         Git commit author  Niklas Göllmann                         ***
***         Git commit date    Wed Jun 24 12:36:55 2026 +0200           ***
***                                                                     ***
***         Contact: luca.frediani@uit.no                               ***
***                                                                     ***
***         Radovan Bast            Magnar Bjorgve                      ***
***         Roberto Di Remigio      Antoine Durdek                      ***
***         Luca Frediani           Gabriel Gerez                       ***
***         Stig Rune Jensen        Jonas Juselius                      ***
***         Rune Monstad            Peter Wind                          ***
***                                                                     ***
***************************************************************************

---------------------------------------------------------------------------

 MPI processes           :       (16 bank)                              48
 OpenMP threads          :                                              31
 Total cores             :                                            1008
                                                                           
---------------------------------------------------------------------------


---------------------------------------------------------------------------

 MRCPP version         : 1.6.0-alpha
 Git branch            : HEAD
 Git commit hash       : 77187f0e2a0707410329
 Git commit author     : Valentyn113
 Git commit date       : Tue Jun 9 15:08:36 2026 +0200

 Linear algebra        : EIGEN v3.4.0
 Parallelization       : MPI/OpenMP (31 threads)

---------------------------------------------------------------------------


                                                                           
===========================================================================
                         MultiResolution Analysis
---------------------------------------------------------------------------
 polynomial order      : 7
 polynomial type       : Interpolating
---------------------------------------------------------------------------
 total boxes           : 8
 boxes                 : [          2           2           2 ]
 unit lengths          : [  128.00000   128.00000   128.00000 ]
 scaling factor        : [    1.00000     1.00000     1.00000 ]
 lower bounds          : [ -128.00000  -128.00000  -128.00000 ]
 upper bounds          : [  128.00000   128.00000   128.00000 ]
 total length          : [  256.00000   256.00000   256.00000 ]
===========================================================================


                                                                           
***************************************************************************
***                                                                     ***
***                        Initializing Molecule                        ***
***                                                                     ***
***************************************************************************
                                                                           
                                                                           
===========================================================================
                                 Molecule
---------------------------------------------------------------------------
 Charge                  :                                               0
 Multiplicity            :                                               1
---------------------------------------------------------------------------
    N    Atom            :               x               y               z
---------------------------------------------------------------------------
    0      Ru            :        2.598117        4.104477        0.035313
    1       P            :       -0.469429        1.058952        0.308840
    2       P            :        4.440045        8.005072       -0.470019
    3       C            :        0.172501       -1.738495        2.311055
    4       H            :        5.486214        3.275088        1.776731
    5       H            :        4.460631        2.069496        2.130535
    6       H            :        1.373263        5.279901        2.443636
    7       H            :        0.422391        5.373016       -1.727209
    8       C            :       -3.531778        2.260843        1.490733
    9       C            :       -1.219884       -0.332918       -2.801947
   10       C            :        2.525559       10.674153        0.700112
   11       C            :        5.011831        8.807117       -3.827418
   12       C            :        7.529192        8.564310        1.105716
   13       C            :       -5.955393        1.013785        0.528367
   14       H            :       -6.173082        1.266904       -1.524855
   15       H            :       -7.620482        1.878565        1.432805
   16       H            :       -6.022630       -1.026123        0.917807
   17       H            :       -3.524236        4.283759        1.012959
   18       H            :       -3.410856        2.172351        3.571094
   19       C            :       -1.890886       -3.722169        2.683989
   20       H            :       -2.587185       -4.479633        0.874014
   21       H            :       -3.519847       -2.946690        3.719328
   22       H            :       -1.168760       -5.332370        3.790292
   23       H            :        0.766789       -0.948011        4.146534
   24       H            :        1.890719       -2.602849        1.504451
   25       C            :        1.202220       -1.072783       -4.194375
   26       H            :        0.792396       -1.810679       -6.097660
   27       H            :        2.268425       -2.538633       -3.168713
   28       H            :        2.452601        0.582771       -4.410528
   29       H            :       -2.216167        1.153975       -3.866603
   30       H            :       -2.521618       -1.949986       -2.635211
   31       C            :        6.210720       11.343114       -4.509670
   32       H            :        5.167569       12.945581       -3.686374
   33       H            :        6.224485       11.611740       -6.575105
   34       H            :        8.183378       11.464047       -3.862229
   35       H            :        3.145708        8.602898       -4.730554
   36       H            :        6.157499        7.234631       -4.580633
   37       C            :       -0.146175       10.781065       -0.383033
   38       H            :       -0.125783       10.999639       -2.454342
   39       H            :       -1.194355       12.396639        0.410177
   40       H            :       -1.174143        9.029476        0.048657
   41       H            :        3.535957       12.458345        0.337295
   42       H            :        2.449753       10.433444        2.769117
   43       C            :        8.352690       11.259782        1.752005
   44       H            :        8.411899       12.506831        0.091947
   45       H            :        7.072942       12.128049        3.142919
   46       H            :       10.257884       11.249134        2.594203
   47       H            :        8.946170        7.615771       -0.098292
   48       H            :        7.437748        7.434430        2.852662
---------------------------------------------------------------------------
 Center of mass          :        1.936010        4.549748       -0.214232
===========================================================================


                                                                           
                                                                           
***************************************************************************
***                                                                     ***
***                           XC Functional                             ***
***                                                                     ***
***************************************************************************

Using Libxc (version 7.0.0) to evaluate density functionals. Libxc is free
software. It is distributed under the Mozilla Public License, version 2.0.
For more information, please check the Libxc manual. You should cite

S. Lehtola, C. Steigemann, M. J.T. Oliveira, and M. A.L. Marques., 
SoftwareX 7, 1–5 (2018) DOI: 10.1016/j.softx.2017.11.002

when reporting the results of your calculation in a scientific article.

Libxc functionals used in this calculation:
  - gga_x_b88 (ID 106): Becke 88
     * A. D. Becke.,  Phys. Rev. A 38, 3098 (1988),
       DOI:10.1103/PhysRevA.38.3098
  - gga_c_p86_ft (ID 217): Perdew 86 with more accurate value for ftilde
     * J. P. Perdew.,  Phys. Rev. B 33, 8822 (1986),
       DOI:10.1103/PhysRevB.33.8822
                                                                           
***************************************************************************
***                                                                     ***
***                Computing Initial Guess Wavefunction                 ***
***                                                                     ***
***************************************************************************
                                                                           
                                                                           
~~~~~~~~~~~~~~~~~~~~~~~~~~~~~~~~~~~~~~~~~~~~~~~~~~~~~~~~~~~~~~~~~~~~~~~~~~~
 Calculation             : Compute initial orbitals
 Method                  : Project GTO molecular orbitals
 Precision               : 1.00000e-06
 Screening               : 1.20000e+01 StdDev
 Restricted              : True
 MO file                 : ../initial_guess/opt1_x2csvp_pet3/15h_pet3/mrchem.mop
~~~~~~~~~~~~~~~~~~~~~~~~~~~~~~~~~~~~~~~~~~~~~~~~~~~~~~~~~~~~~~~~~~~~~~~~~~~


===========================================================================
                            Molecular Orbitals
---------------------------------------------------------------------------
 Alpha electrons         :                                          90.000
 Beta electrons          :                                          90.000
 Total electrons         :                                         180.000
---------------------------------------------------------------------------
    n     Occ Spin       :                                            Norm
---------------------------------------------------------------------------
    0    2.00    p       :                              9.999999138649e-01
    1    2.00    p       :                              9.999996753384e-01
    2    2.00    p       :                              9.999996959219e-01
    3    2.00    p       :                              9.999996894993e-01
    4    2.00    p       :                              1.000000183197e+00
    5    2.00    p       :                              9.999999143695e-01
    6    2.00    p       :                              9.999999241063e-01
    7    2.00    p       :                              1.000000221858e+00
    8    2.00    p       :                              1.000000466634e+00
    9    2.00    p       :                              1.000000489644e+00
   10    2.00    p       :                              1.000000495182e+00
   11    2.00    p       :                              9.999999296973e-01
   12    2.00    p       :                              9.999999197296e-01
   13    2.00    p       :                              9.999999246175e-01
   14    2.00    p       :                              9.999999307539e-01
   15    2.00    p       :                              9.999999328754e-01
   16    2.00    p       :                              9.999999313171e-01
   17    2.00    p       :                              9.999999248106e-01
   18    2.00    p       :                              9.999999344505e-01
   19    2.00    p       :                              9.999999317865e-01
   20    2.00    p       :                              9.999999257285e-01
   21    2.00    p       :                              9.999999354209e-01
   22    2.00    p       :                              9.999999293490e-01
   23    2.00    p       :                              9.999980220012e-01
   24    2.00    p       :                              9.999980417032e-01
   25    2.00    p       :                              9.999977277500e-01
   26    2.00    p       :                              9.999968232795e-01
   27    2.00    p       :                              9.999991367289e-01
   28    2.00    p       :                              1.000000156816e+00
   29    2.00    p       :                              1.000000157124e+00
   30    2.00    p       :                              9.999999970433e-01
   31    2.00    p       :                              9.999996795330e-01
   32    2.00    p       :                              9.999998695739e-01
   33    2.00    p       :                              9.999999458053e-01
   34    2.00    p       :                              9.999995937345e-01
   35    2.00    p       :                              1.000000251106e+00
   36    2.00    p       :                              9.999995836535e-01
   37    2.00    p       :                              9.999995267722e-01
   38    2.00    p       :                              9.999995510382e-01
   39    2.00    p       :                              9.999995783362e-01
   40    2.00    p       :                              9.999995509298e-01
   41    2.00    p       :                              9.999995827818e-01
   42    2.00    p       :                              9.999993651407e-01
   43    2.00    p       :                              1.000000051513e+00
   44    2.00    p       :                              9.999998547390e-01
   45    2.00    p       :                              1.000000150108e+00
   46    2.00    p       :                              9.999993272631e-01
   47    2.00    p       :                              9.999997092497e-01
   48    2.00    p       :                              1.000000160560e+00
   49    2.00    p       :                              1.000000244290e+00
   50    2.00    p       :                              1.000000382575e+00
   51    2.00    p       :                              1.000000473705e+00
   52    2.00    p       :                              1.000000316844e+00
   53    2.00    p       :                              9.999996404493e-01
   54    2.00    p       :                              9.999996989424e-01
   55    2.00    p       :                              9.999995794874e-01
   56    2.00    p       :                              9.999996811435e-01
   57    2.00    p       :                              9.999997320848e-01
   58    2.00    p       :                              9.999996142154e-01
   59    2.00    p       :                              9.999997183258e-01
   60    2.00    p       :                              9.999997723990e-01
   61    2.00    p       :                              9.999996975712e-01
   62    2.00    p       :                              9.999996726815e-01
   63    2.00    p       :                              9.999996274342e-01
   64    2.00    p       :                              9.999997657287e-01
   65    2.00    p       :                              9.999997687934e-01
   66    2.00    p       :                              9.999996580321e-01
   67    2.00    p       :                              9.999997514890e-01
   68    2.00    p       :                              9.999997085093e-01
   69    2.00    p       :                              9.999996777822e-01
   70    2.00    p       :                              9.999997449582e-01
   71    2.00    p       :                              9.999997983162e-01
   72    2.00    p       :                              9.999995836033e-01
   73    2.00    p       :                              9.999995942259e-01
   74    2.00    p       :                              9.999996747372e-01
   75    2.00    p       :                              9.999996215655e-01
   76    2.00    p       :                              9.999996495859e-01
   77    2.00    p       :                              9.999999364076e-01
   78    2.00    p       :                              9.999996596839e-01
   79    2.00    p       :                              9.999996997243e-01
   80    2.00    p       :                              9.999997438625e-01
   81    2.00    p       :                              9.999993126339e-01
   82    2.00    p       :                              9.999996433765e-01
   83    2.00    p       :                              9.999998501310e-01
   84    2.00    p       :                              9.999996646847e-01
   85    2.00    p       :                              9.999997331178e-01
   86    2.00    p       :                              9.999996753087e-01
   87    2.00    p       :                              9.999995843967e-01
   88    2.00    p       :                              9.999996329195e-01
   89    2.00    p       :                              9.999998367829e-01
===========================================================================


~~~~~~~~~~~~~~~~~~~~~~~~~~~~~~~~~~~~~~~~~~~~~~~~~~~~~~~~~~~~~~~~~~~~~~~~~~~
 Calculation             : Compute initial energy
 Method                  : DFT
 XC Library              : LibXC
 Relativity              : None
 Environment             : None
 External fields         : None
 Precision               : 1.00000e-06
 Density cutoff          : 0.00000e+00
 Localization            : On
~~~~~~~~~~~~~~~~~~~~~~~~~~~~~~~~~~~~~~~~~~~~~~~~~~~~~~~~~~~~~~~~~~~~~~~~~~~


===========================================================================
                        Molecular Energy (initial)
---------------------------------------------------------------------------
 Kinetic energy          :            (au)               6170.023031838182
 E-N energy              :            (au)             -18200.182143875540
 Coulomb energy          :            (au)               4562.096013207229
 Exchange energy         :            (au)                  0.000000000000
 X-C energy              :            (au)               -259.415246301610
 N-N energy              :            (au)               2184.288426327567
 Non-local pp energy     :            (au)                  0.000000000000
---------------------------------------------------------------------------
 Electronic energy       :            (au)              -7727.478345131740
 Nuclear energy          :            (au)               2184.288426327567
---------------------------------------------------------------------------
 Total energy            :            (au)             -5.543189918804e+03
                         :      (kcal/mol)             -3.478404190580e+06
                         :        (kJ/mol)             -1.455364313339e+07
                         :            (eV)             -1.508378819154e+05
===========================================================================


===========================================================================
                        Orbital Energies (initial)
---------------------------------------------------------------------------
    n     Occ Spin       :                                         Epsilon
---------------------------------------------------------------------------
    0    2.00    p       :            (au)               -757.248437564951
    1    2.00    p       :            (au)               -105.119213913261
    2    2.00    p       :            (au)               -101.327966750507
    3    2.00    p       :            (au)               -101.326988419899
    4    2.00    p       :            (au)               -101.325882313812
    5    2.00    p       :            (au)                -76.232686155057
    6    2.00    p       :            (au)                -76.232633192601
    7    2.00    p       :            (au)                -18.111961092423
    8    2.00    p       :            (au)                -15.966626300760
    9    2.00    p       :            (au)                -15.964990157322
   10    2.00    p       :            (au)                -15.963437580089
   11    2.00    p       :            (au)                -10.100897551619
   12    2.00    p       :            (au)                -10.099598201156
   13    2.00    p       :            (au)                -10.099112678061
   14    2.00    p       :            (au)                -10.098344888252
   15    2.00    p       :            (au)                -10.097043143053
   16    2.00    p       :            (au)                 -9.908695623258
   17    2.00    p       :            (au)                 -9.907946161207
   18    2.00    p       :            (au)                 -9.907765450221
   19    2.00    p       :            (au)                 -9.907592524396
   20    2.00    p       :            (au)                 -9.906938914106
   21    2.00    p       :            (au)                 -9.906842310217
   22    2.00    p       :            (au)                 -9.906499094901
   23    2.00    p       :            (au)                 -9.905858606776
   24    2.00    p       :            (au)                 -9.905247414515
   25    2.00    p       :            (au)                 -9.904182624971
   26    2.00    p       :            (au)                 -9.903041329415
   27    2.00    p       :            (au)                 -9.894192414735
   28    2.00    p       :            (au)                 -6.294718172133
   29    2.00    p       :            (au)                 -6.294306423187
   30    2.00    p       :            (au)                 -4.525008496577
   31    2.00    p       :            (au)                 -4.524885293035
   32    2.00    p       :            (au)                 -4.524690674632
   33    2.00    p       :            (au)                 -4.524419257293
   34    2.00    p       :            (au)                 -4.520935254747
   35    2.00    p       :            (au)                 -4.520550667717
   36    2.00    p       :            (au)                 -2.312374640074
   37    2.00    p       :            (au)                 -1.595565208805
   38    2.00    p       :            (au)                 -1.590512122701
   39    2.00    p       :            (au)                 -1.586339682242
   40    2.00    p       :            (au)                 -0.714313150607
   41    2.00    p       :            (au)                 -0.712044902500
   42    2.00    p       :            (au)                 -0.676224180138
   43    2.00    p       :            (au)                 -0.673890393146
   44    2.00    p       :            (au)                 -0.673427054718
   45    2.00    p       :            (au)                 -0.669721835960
   46    2.00    p       :            (au)                 -0.593252873228
   47    2.00    p       :            (au)                 -0.591526734251
   48    2.00    p       :            (au)                 -0.550806973049
   49    2.00    p       :            (au)                 -0.547559858811
   50    2.00    p       :            (au)                 -0.545909827012
   51    2.00    p       :            (au)                 -0.544416582079
   52    2.00    p       :            (au)                 -0.466452113325
   53    2.00    p       :            (au)                 -0.461347740419
   54    2.00    p       :            (au)                 -0.414900173791
   55    2.00    p       :            (au)                 -0.411538003404
   56    2.00    p       :            (au)                 -0.410465929554
   57    2.00    p       :            (au)                 -0.406829492915
   58    2.00    p       :            (au)                 -0.400529342891
   59    2.00    p       :            (au)                 -0.391409559199
   60    2.00    p       :            (au)                 -0.390938459326
   61    2.00    p       :            (au)                 -0.376043634079
   62    2.00    p       :            (au)                 -0.369468064675
   63    2.00    p       :            (au)                 -0.365496597737
   64    2.00    p       :            (au)                 -0.363066673969
   65    2.00    p       :            (au)                 -0.362042093663
   66    2.00    p       :            (au)                 -0.361484561359
   67    2.00    p       :            (au)                 -0.339863675926
   68    2.00    p       :            (au)                 -0.339242489628
   69    2.00    p       :            (au)                 -0.335316302972
   70    2.00    p       :            (au)                 -0.333413028815
   71    2.00    p       :            (au)                 -0.327397499717
   72    2.00    p       :            (au)                 -0.321748736662
   73    2.00    p       :            (au)                 -0.319596403546
   74    2.00    p       :            (au)                 -0.317759192756
   75    2.00    p       :            (au)                 -0.306117475012
   76    2.00    p       :            (au)                 -0.305257604993
   77    2.00    p       :            (au)                 -0.304750023237
   78    2.00    p       :            (au)                 -0.296894867492
   79    2.00    p       :            (au)                 -0.271591436829
   80    2.00    p       :            (au)                 -0.267736291646
   81    2.00    p       :            (au)                 -0.265848197481
   82    2.00    p       :            (au)                 -0.262801628011
   83    2.00    p       :            (au)                 -0.262309690892
   84    2.00    p       :            (au)                 -0.248113317673
   85    2.00    p       :            (au)                 -0.218914653188
   86    2.00    p       :            (au)                 -0.210119323815
   87    2.00    p       :            (au)                 -0.177375333967
   88    2.00    p       :            (au)                 -0.164169879764
   89    2.00    p       :            (au)                 -0.155520610989
---------------------------------------------------------------------------
 Sum occupied            :            (au)              -3241.583785471000
===========================================================================


                                                                           
***************************************************************************
***                                                                     ***
***                 Computing Ground State Wavefunction                 ***
***                                                                     ***
***************************************************************************
                                                                           
                                                                           
~~~~~~~~~~~~~~~~~~~~~~~~~~~~~~~~~~~~~~~~~~~~~~~~~~~~~~~~~~~~~~~~~~~~~~~~~~~
 Calculation             : Optimize ground state orbitals
 Method                  : DFT
 XC library              : LibXC
 Relativity              : None
 Environment             : None
 External fields         : None
 Checkpointing           : Off
 Max iterations          : 100
 KAIN solver             : 3
 Localization            : First two iterations
 Diagonalization         : Off
 Start precision         : 1.00000e-06
 Final precision         : 1.00000e-06
 Helmholtz precision     : Dynamic
 Energy threshold        : 1.00000e-04
 Orbital threshold       : 1.00000e-03
~~~~~~~~~~~~~~~~~~~~~~~~~~~~~~~~~~~~~~~~~~~~~~~~~~~~~~~~~~~~~~~~~~~~~~~~~~~


===========================================================================
 Iter           MO residual             Total energy                Update
---------------------------------------------------------------------------
    0          9.486833e+00       -5543.189918804173         -5.543190e+03
    1          1.722384e-01       -5600.394530586193         -5.720461e+01
    2          6.711599e-02       -5604.253758430792         -3.859228e+00
    3          4.305894e-02       -5604.891187053063         -6.374286e-01
    4          2.669054e-02       -5605.020528464427         -1.293414e-01
    5          2.989760e-02       -5605.101262507409         -8.073404e-02
    6          1.448748e-02       -5605.105155937426         -3.893430e-03
    7          8.813914e-03       -5605.105990932479         -8.349951e-04
Error: /cluster/projects/nn14654k/ylvaos/mrchem/build/_deps/mrcpp_sources-src/src/trees/FunctionNode.cpp: createChildren(), line 256: Node already has children
