                                                                           
                                                                           
***************************************************************************
***                                                                     ***
***                                                                     ***
***          __  __ ____   ____ _                                       ***
***         |  \/  |  _ \ / ___| |__   ___ _ __ ___                     ***
***         | |\/| | |_) | |   | '_ \ / _ \ '_ ` _ \                    ***
***         | |  | |  _ <| |___| | | |  __/ | | | | |                   ***
***         |_|  |_|_| \_\\____|_| |_|\___|_| |_| |_|                   ***
***                                                                     ***
***         VERSION            1.2.0-alpha                              ***
***                                                                     ***
***         Git branch         master                                   ***
***         Git commit hash    d6a1a67ced60ba46a7d9-dirty               ***
***         Git commit author  Niklas Göllmann                         ***
***         Git commit date    Wed Jun 24 12:36:55 2026 +0200           ***
***                                                                     ***
***         Contact: luca.frediani@uit.no                               ***
***                                                                     ***
***         Radovan Bast            Magnar Bjorgve                      ***
***         Roberto Di Remigio      Antoine Durdek                      ***
***         Luca Frediani           Gabriel Gerez                       ***
***         Stig Rune Jensen        Jonas Juselius                      ***
***         Rune Monstad            Peter Wind                          ***
***                                                                     ***
***************************************************************************

---------------------------------------------------------------------------

 MPI processes           :       (16 bank)                              48
 OpenMP threads          :                                              31
 Total cores             :                                            1008
                                                                           
---------------------------------------------------------------------------


---------------------------------------------------------------------------

 MRCPP version         : 1.6.0-alpha
 Git branch            : HEAD
 Git commit hash       : 77187f0e2a0707410329
 Git commit author     : Valentyn113
 Git commit date       : Tue Jun 9 15:08:36 2026 +0200

 Linear algebra        : EIGEN v3.4.0
 Parallelization       : MPI/OpenMP (31 threads)

---------------------------------------------------------------------------


                                                                           
===========================================================================
                         MultiResolution Analysis
---------------------------------------------------------------------------
 polynomial order      : 7
 polynomial type       : Interpolating
---------------------------------------------------------------------------
 total boxes           : 8
 boxes                 : [          2           2           2 ]
 unit lengths          : [   64.00000    64.00000    64.00000 ]
 scaling factor        : [    1.00000     1.00000     1.00000 ]
 lower bounds          : [  -64.00000   -64.00000   -64.00000 ]
 upper bounds          : [   64.00000    64.00000    64.00000 ]
 total length          : [  128.00000   128.00000   128.00000 ]
===========================================================================


                                                                           
***************************************************************************
***                                                                     ***
***                        Initializing Molecule                        ***
***                                                                     ***
***************************************************************************
                                                                           
                                                                           
===========================================================================
                                 Molecule
---------------------------------------------------------------------------
 Charge                  :                                               0
 Multiplicity            :                                               1
---------------------------------------------------------------------------
    N    Atom            :               x               y               z
---------------------------------------------------------------------------
    0       P            :       -4.717838        8.235839        1.817340
    1       C            :       -5.348140        8.050447       -1.637344
    2       C            :       -6.322247        5.312712        2.950692
    3       C            :       -7.185967       10.573752        2.706466
    4       C            :       -4.532692        3.064883        3.287990
    5       H            :       -5.546095        1.399601        4.022232
    6       H            :       -3.630972        2.511191        1.496776
    7       H            :       -3.007036        3.528579        4.626216
    8       H            :       -7.180413        5.791446        4.790432
    9       H            :       -7.904946        4.830927        1.676646
   10       C            :       -3.950965        5.892574       -2.959323
   11       H            :       -1.912040        5.939133       -2.534940
   12       H            :       -4.677802        4.034476       -2.367424
   13       H            :       -4.173821        6.011427       -5.026204
   14       H            :       -7.405138        7.901780       -1.967525
   15       H            :       -4.740299        9.871847       -2.449625
   16       C            :       -6.606792       13.248793        1.776617
   17       H            :       -6.623335       13.361649       -0.302280
   18       H            :       -8.015523       14.610906        2.480675
   19       H            :       -4.730410       13.878005        2.425918
   20       H            :       -7.283911       10.558734        4.790019
   21       H            :       -9.051384        9.939146        2.014811
---------------------------------------------------------------------------
 Center of mass          :       -5.420071        7.823330        1.215674
===========================================================================


                                                                           
                                                                           
***************************************************************************
***                                                                     ***
***                           XC Functional                             ***
***                                                                     ***
***************************************************************************

Using Libxc (version 7.0.0) to evaluate density functionals. Libxc is free
software. It is distributed under the Mozilla Public License, version 2.0.
For more information, please check the Libxc manual. You should cite

S. Lehtola, C. Steigemann, M. J.T. Oliveira, and M. A.L. Marques., 
SoftwareX 7, 1–5 (2018) DOI: 10.1016/j.softx.2017.11.002

when reporting the results of your calculation in a scientific article.

Libxc functionals used in this calculation:
  - gga_x_b88 (ID 106): Becke 88
     * A. D. Becke.,  Phys. Rev. A 38, 3098 (1988),
       DOI:10.1103/PhysRevA.38.3098
  - gga_c_p86_ft (ID 217): Perdew 86 with more accurate value for ftilde
     * J. P. Perdew.,  Phys. Rev. B 33, 8822 (1986),
       DOI:10.1103/PhysRevB.33.8822
                                                                           
***************************************************************************
***                                                                     ***
***                Computing Initial Guess Wavefunction                 ***
***                                                                     ***
***************************************************************************
                                                                           
                                                                           
~~~~~~~~~~~~~~~~~~~~~~~~~~~~~~~~~~~~~~~~~~~~~~~~~~~~~~~~~~~~~~~~~~~~~~~~~~~
 Calculation             : Compute initial orbitals
 Method                  : Project GTO molecular orbitals
 Precision               : 1.00000e-06
 Screening               : 1.20000e+01 StdDev
 Restricted              : True
 MO file                 : ../initial_guess/opt1_x2csvp_pet3/TPhP_pet3/mrchem.mop
~~~~~~~~~~~~~~~~~~~~~~~~~~~~~~~~~~~~~~~~~~~~~~~~~~~~~~~~~~~~~~~~~~~~~~~~~~~


===========================================================================
                            Molecular Orbitals
---------------------------------------------------------------------------
 Alpha electrons         :                                          33.000
 Beta electrons          :                                          33.000
 Total electrons         :                                          66.000
---------------------------------------------------------------------------
    n     Occ Spin       :                                            Norm
---------------------------------------------------------------------------
    0    2.00    p       :                              9.999999220740e-01
    1    2.00    p       :                              9.999999313428e-01
    2    2.00    p       :                              9.999999315711e-01
    3    2.00    p       :                              9.999999359707e-01
    4    2.00    p       :                              9.999999375203e-01
    5    2.00    p       :                              9.999999397962e-01
    6    2.00    p       :                              9.999999162978e-01
    7    2.00    p       :                              1.000000148990e+00
    8    2.00    p       :                              9.999995715250e-01
    9    2.00    p       :                              9.999994877139e-01
   10    2.00    p       :                              9.999995081688e-01
   11    2.00    p       :                              1.000000284772e+00
   12    2.00    p       :                              1.000000624107e+00
   13    2.00    p       :                              1.000000132211e+00
   14    2.00    p       :                              1.000000082487e+00
   15    2.00    p       :                              9.999998348026e-01
   16    2.00    p       :                              9.999996596852e-01
   17    2.00    p       :                              9.999997915168e-01
   18    2.00    p       :                              9.999996889036e-01
   19    2.00    p       :                              9.999997311792e-01
   20    2.00    p       :                              9.999997208884e-01
   21    2.00    p       :                              9.999997317293e-01
   22    2.00    p       :                              9.999996167663e-01
   23    2.00    p       :                              9.999996364441e-01
   24    2.00    p       :                              9.999996005691e-01
   25    2.00    p       :                              9.999996458235e-01
   26    2.00    p       :                              9.999995770958e-01
   27    2.00    p       :                              9.999998812502e-01
   28    2.00    p       :                              9.999996216066e-01
   29    2.00    p       :                              9.999996426198e-01
   30    2.00    p       :                              9.999996383671e-01
   31    2.00    p       :                              9.999996671856e-01
   32    2.00    p       :                              9.999996729271e-01
===========================================================================


~~~~~~~~~~~~~~~~~~~~~~~~~~~~~~~~~~~~~~~~~~~~~~~~~~~~~~~~~~~~~~~~~~~~~~~~~~~
 Calculation             : Compute initial energy
 Method                  : DFT
 XC Library              : LibXC
 Relativity              : None
 Environment             : None
 External fields         : None
 Precision               : 1.00000e-06
 Density cutoff          : 0.00000e+00
 Localization            : On
~~~~~~~~~~~~~~~~~~~~~~~~~~~~~~~~~~~~~~~~~~~~~~~~~~~~~~~~~~~~~~~~~~~~~~~~~~~


===========================================================================
                        Molecular Energy (initial)
---------------------------------------------------------------------------
 Kinetic energy          :            (au)                580.384348047719
 E-N energy              :            (au)              -2158.388163636931
 Coulomb energy          :            (au)                663.931165666739
 Exchange energy         :            (au)                  0.000000000000
 X-C energy              :            (au)                -61.473403101556
 N-N energy              :            (au)                396.854015545653
 Non-local pp energy     :            (au)                  0.000000000000
---------------------------------------------------------------------------
 Electronic energy       :            (au)               -975.546053024030
 Nuclear energy          :            (au)                396.854015545653
---------------------------------------------------------------------------
 Total energy            :            (au)             -5.786920374784e+02
                         :      (kcal/mol)             -3.631347360825e+05
                         :        (kJ/mol)             -1.519355735769e+06
                         :            (eV)             -1.574701254930e+04
===========================================================================


===========================================================================
                        Orbital Energies (initial)
---------------------------------------------------------------------------
    n     Occ Spin       :                                         Epsilon
---------------------------------------------------------------------------
    0    2.00    p       :            (au)                -76.203345324982
    1    2.00    p       :            (au)                 -9.910339311059
    2    2.00    p       :            (au)                 -9.909948246491
    3    2.00    p       :            (au)                 -9.909728841689
    4    2.00    p       :            (au)                 -9.907606464117
    5    2.00    p       :            (au)                 -9.907126938062
    6    2.00    p       :            (au)                 -9.904435629187
    7    2.00    p       :            (au)                 -6.273419251613
    8    2.00    p       :            (au)                 -4.503696554556
    9    2.00    p       :            (au)                 -4.503632534494
   10    2.00    p       :            (au)                 -4.498003094594
   11    2.00    p       :            (au)                 -0.711560591712
   12    2.00    p       :            (au)                 -0.677306747989
   13    2.00    p       :            (au)                 -0.673589214963
   14    2.00    p       :            (au)                 -0.591155636831
   15    2.00    p       :            (au)                 -0.546358609288
   16    2.00    p       :            (au)                 -0.535677303137
   17    2.00    p       :            (au)                 -0.467956311117
   18    2.00    p       :            (au)                 -0.413806619958
   19    2.00    p       :            (au)                 -0.397554919753
   20    2.00    p       :            (au)                 -0.391152869874
   21    2.00    p       :            (au)                 -0.389130115279
   22    2.00    p       :            (au)                 -0.366646132881
   23    2.00    p       :            (au)                 -0.357060199463
   24    2.00    p       :            (au)                 -0.336883575555
   25    2.00    p       :            (au)                 -0.329774186577
   26    2.00    p       :            (au)                 -0.323247779738
   27    2.00    p       :            (au)                 -0.317464498002
   28    2.00    p       :            (au)                 -0.303156862966
   29    2.00    p       :            (au)                 -0.300487291766
   30    2.00    p       :            (au)                 -0.265782058820
   31    2.00    p       :            (au)                 -0.261533175193
   32    2.00    p       :            (au)                 -0.189090866475
---------------------------------------------------------------------------
 Sum occupied            :            (au)               -329.155315516365
===========================================================================


                                                                           
***************************************************************************
***                                                                     ***
***                 Computing Ground State Wavefunction                 ***
***                                                                     ***
***************************************************************************
                                                                           
                                                                           
~~~~~~~~~~~~~~~~~~~~~~~~~~~~~~~~~~~~~~~~~~~~~~~~~~~~~~~~~~~~~~~~~~~~~~~~~~~
 Calculation             : Optimize ground state orbitals
 Method                  : DFT
 XC library              : LibXC
 Relativity              : None
 Environment             : None
 External fields         : None
 Checkpointing           : Off
 Max iterations          : 100
 KAIN solver             : 3
 Localization            : First two iterations
 Diagonalization         : Off
 Start precision         : 1.00000e-06
 Final precision         : 1.00000e-06
 Helmholtz precision     : Dynamic
 Energy threshold        : 1.00000e-04
 Orbital threshold       : 1.00000e-03
~~~~~~~~~~~~~~~~~~~~~~~~~~~~~~~~~~~~~~~~~~~~~~~~~~~~~~~~~~~~~~~~~~~~~~~~~~~


===========================================================================
 Iter           MO residual             Total energy                Update
---------------------------------------------------------------------------
    0          5.744563e+00        -578.692037478377         -5.786920e+02
    1          1.124058e-01        -579.159754864718         -4.677174e-01
    2          3.187010e-02        -579.186571794646         -2.681693e-02
    3          1.253033e-02        -579.190561252870         -3.989458e-03
    4          9.600497e-03        -579.191625070697         -1.063818e-03
    5          4.317907e-03        -579.191762789308         -1.377186e-04
    6          2.572017e-03        -579.191806815918         -4.402661e-05
    7          2.377741e-03        -579.191824923608         -1.810769e-05
---------------------------------------------------------------------------
                      SCF converged in 7 iterations!
===========================================================================


                                                                           
***************************************************************************
***                                                                     ***
***                    Printing Molecular Properties                    ***
***                                                                     ***
***************************************************************************
                                                                           
                                                                           
===========================================================================
                                 Molecule
---------------------------------------------------------------------------
 Charge                  :                                               0
 Multiplicity            :                                               1
---------------------------------------------------------------------------
    N    Atom            :               x               y               z
---------------------------------------------------------------------------
    0       P            :       -4.717838        8.235839        1.817340
    1       C            :       -5.348140        8.050447       -1.637344
    2       C            :       -6.322247        5.312712        2.950692
    3       C            :       -7.185967       10.573752        2.706466
    4       C            :       -4.532692        3.064883        3.287990
    5       H            :       -5.546095        1.399601        4.022232
    6       H            :       -3.630972        2.511191        1.496776
    7       H            :       -3.007036        3.528579        4.626216
    8       H            :       -7.180413        5.791446        4.790432
    9       H            :       -7.904946        4.830927        1.676646
   10       C            :       -3.950965        5.892574       -2.959323
   11       H            :       -1.912040        5.939133       -2.534940
   12       H            :       -4.677802        4.034476       -2.367424
   13       H            :       -4.173821        6.011427       -5.026204
   14       H            :       -7.405138        7.901780       -1.967525
   15       H            :       -4.740299        9.871847       -2.449625
   16       C            :       -6.606792       13.248793        1.776617
   17       H            :       -6.623335       13.361649       -0.302280
   18       H            :       -8.015523       14.610906        2.480675
   19       H            :       -4.730410       13.878005        2.425918
   20       H            :       -7.283911       10.558734        4.790019
   21       H            :       -9.051384        9.939146        2.014811
---------------------------------------------------------------------------
 Center of mass          :       -5.420071        7.823330        1.215674
===========================================================================


===========================================================================
                         Molecular Energy (final)
---------------------------------------------------------------------------
 Kinetic energy          :            (au)                577.345838492601
 E-N energy              :            (au)              -2156.025294142913
 Coulomb energy          :            (au)                664.102448580885
 Exchange energy         :            (au)                  0.000000000000
 X-C energy              :            (au)                -61.468833399835
 N-N energy              :            (au)                396.854015545653
 Non-local pp energy     :            (au)                  0.000000000000
---------------------------------------------------------------------------
 Electronic energy       :            (au)               -976.045840469261
 Nuclear energy          :            (au)                396.854015545653
---------------------------------------------------------------------------
 Total energy            :            (au)             -5.791918249236e+02
                         :      (kcal/mol)             -3.634483574394e+05
                         :        (kJ/mol)             -1.520667927527e+06
                         :            (eV)             -1.576061245851e+04
===========================================================================


===========================================================================
                         Orbital Energies (final)
---------------------------------------------------------------------------
    n     Occ Spin       :                                         Epsilon
---------------------------------------------------------------------------
    0    2.00    p       :            (au)                -76.317444753488
    1    2.00    p       :            (au)                 -9.901064445151
    2    2.00    p       :            (au)                 -9.900723376097
    3    2.00    p       :            (au)                 -9.900606445118
    4    2.00    p       :            (au)                 -9.894493213901
    5    2.00    p       :            (au)                 -9.893964005280
    6    2.00    p       :            (au)                 -9.891457995016
    7    2.00    p       :            (au)                 -6.286046382811
    8    2.00    p       :            (au)                 -4.502396769830
    9    2.00    p       :            (au)                 -4.502358588284
   10    2.00    p       :            (au)                 -4.497577751826
   11    2.00    p       :            (au)                 -0.718828506745
   12    2.00    p       :            (au)                 -0.686515903340
   13    2.00    p       :            (au)                 -0.683097204050
   14    2.00    p       :            (au)                 -0.598258664591
   15    2.00    p       :            (au)                 -0.554975285827
   16    2.00    p       :            (au)                 -0.544744390485
   17    2.00    p       :            (au)                 -0.472896551399
   18    2.00    p       :            (au)                 -0.417547634819
   19    2.00    p       :            (au)                 -0.401265990997
   20    2.00    p       :            (au)                 -0.394867459865
   21    2.00    p       :            (au)                 -0.392377473135
   22    2.00    p       :            (au)                 -0.370214583657
   23    2.00    p       :            (au)                 -0.360140032099
   24    2.00    p       :            (au)                 -0.340509711114
   25    2.00    p       :            (au)                 -0.332792747016
   26    2.00    p       :            (au)                 -0.326989686813
   27    2.00    p       :            (au)                 -0.320770861513
   28    2.00    p       :            (au)                 -0.306940133864
   29    2.00    p       :            (au)                 -0.304328903473
   30    2.00    p       :            (au)                 -0.267904719318
   31    2.00    p       :            (au)                 -0.264067191518
   32    2.00    p       :            (au)                 -0.194480863232
---------------------------------------------------------------------------
 Sum occupied            :            (au)               -329.485296451345
===========================================================================


===========================================================================
                             Orbital Positions
---------------------------------------------------------------------------
  Index       Occ        :               x               y               z
---------------------------------------------------------------------------
      0      2.00        :       -4.717875        8.235832        1.817328
      1      2.00        :       -7.185871       10.573801        2.706409
      2      2.00        :       -5.348056        8.050370       -1.637311
      3      2.00        :       -6.322131        5.312705        2.950682
      4      2.00        :       -3.951036        5.892671       -2.959253
      5      2.00        :       -6.606820       13.248663        1.776649
      6      2.00        :       -4.532780        3.064984        3.287967
      7      2.00        :       -4.725299        8.215779        1.570601
      8      2.00        :       -4.487649        8.275015        1.889390
      9      2.00        :       -4.802243        8.026488        1.919294
     10      2.00        :       -4.860567        8.425265        1.888665
     11      2.00        :       -3.686606        8.412184        2.140390
     12      2.00        :       -5.087769        8.096892       -0.160796
     13      2.00        :       -5.631657        6.548464        2.438960
     14      2.00        :       -6.136504        9.578144        2.295819
     15      2.00        :       -5.419553        4.212815        3.098764
     16      2.00        :       -5.223893        1.969566        3.775116
     17      2.00        :       -3.942470        2.707944        2.084510
     18      2.00        :       -3.527584        3.382211        4.178871
     19      2.00        :       -6.870013        5.652331        4.163755
     20      2.00        :       -7.357569        5.010300        2.083742
     21      2.00        :       -4.647183        6.974568       -2.261353
     22      2.00        :       -2.601200        5.932354       -2.669109
     23      2.00        :       -4.443529        4.659479       -2.549410
     24      2.00        :       -4.111004        5.987600       -4.325755
     25      2.00        :       -6.717449        7.941353       -1.828320
     26      2.00        :       -4.937262        9.256418       -2.150197
     27      2.00        :       -6.877389       11.885181        2.230086
     28      2.00        :       -6.618103       13.305945        0.389159
     29      2.00        :       -7.549874       14.134814        2.251797
     30      2.00        :       -5.360713       13.654778        2.211955
     31      2.00        :       -7.228802       10.549850        4.080408
     32      2.00        :       -8.409107       10.135965        2.227232
===========================================================================


===========================================================================
                           Dipole Moment (dip-1)
---------------------------------------------------------------------------
 r_O                     :        0.000000        0.000000        0.000000
---------------------------------------------------------------------------
 Electronic vector       :      359.851121     -514.621464      -77.832087
 Magnitude               :            (au)                      632.760551
                         :         (Debye)                     1608.316898
---------------------------------------------------------------------------
 Nuclear vector          :     -360.331519      514.565405       77.686413
 Magnitude               :            (au)                      632.970409
                         :         (Debye)                     1608.850305
---------------------------------------------------------------------------
 Total vector            :       -0.480398       -0.056059       -0.145674
 Magnitude               :            (au)                        0.505120
                         :         (Debye)                        1.283886
===========================================================================


                                                                           
                                                                           
***************************************************************************
***                                                                     ***
***                            Exiting MRChem                           ***
***                                                                     ***
***                       Wall time :  0h  2m 38s                       ***
***                                                                     ***
***************************************************************************
                                                                           
                                                                           
