Warning: recommended number of threads is 25
setting number of threads to omp_threads, 32
                                                                           
                                                                           
***************************************************************************
***                                                                     ***
***                                                                     ***
***          __  __ ____   ____ _                                       ***
***         |  \/  |  _ \ / ___| |__   ___ _ __ ___                     ***
***         | |\/| | |_) | |   | '_ \ / _ \ '_ ` _ \                    ***
***         | |  | |  _ <| |___| | | |  __/ | | | | |                   ***
***         |_|  |_|_| \_\\____|_| |_|\___|_| |_| |_|                   ***
***                                                                     ***
***         VERSION            1.2.0-alpha                              ***
***                                                                     ***
***         Git branch         master                                   ***
***         Git commit hash    d6a1a67ced60ba46a7d9-dirty               ***
***         Git commit author  Niklas Göllmann                         ***
***         Git commit date    Wed Jun 24 12:36:55 2026 +0200           ***
***                                                                     ***
***         Contact: luca.frediani@uit.no                               ***
***                                                                     ***
***         Radovan Bast            Magnar Bjorgve                      ***
***         Roberto Di Remigio      Antoine Durdek                      ***
***         Luca Frediani           Gabriel Gerez                       ***
***         Stig Rune Jensen        Jonas Juselius                      ***
***         Rune Monstad            Peter Wind                          ***
***                                                                     ***
***************************************************************************

---------------------------------------------------------------------------

 MPI processes           :       (16 bank)                              96
 OpenMP threads          :                                              32
 Total cores             :                                            2576
                                                                           
---------------------------------------------------------------------------


---------------------------------------------------------------------------

 MRCPP version         : 1.6.0-alpha
 Git branch            : HEAD
 Git commit hash       : 77187f0e2a0707410329
 Git commit author     : Valentyn113
 Git commit date       : Tue Jun 9 15:08:36 2026 +0200

 Linear algebra        : EIGEN v3.4.0
 Parallelization       : MPI/OpenMP (32 threads)

---------------------------------------------------------------------------


                                                                           
===========================================================================
                         MultiResolution Analysis
---------------------------------------------------------------------------
 polynomial order      : 7
 polynomial type       : Interpolating
---------------------------------------------------------------------------
 total boxes           : 8
 boxes                 : [          2           2           2 ]
 unit lengths          : [   64.00000    64.00000    64.00000 ]
 scaling factor        : [    1.00000     1.00000     1.00000 ]
 lower bounds          : [  -64.00000   -64.00000   -64.00000 ]
 upper bounds          : [   64.00000    64.00000    64.00000 ]
 total length          : [  128.00000   128.00000   128.00000 ]
===========================================================================


                                                                           
***************************************************************************
***                                                                     ***
***                        Initializing Molecule                        ***
***                                                                     ***
***************************************************************************
                                                                           
                                                                           
===========================================================================
                                 Molecule
---------------------------------------------------------------------------
 Charge                  :                                               0
 Multiplicity            :                                               1
---------------------------------------------------------------------------
    N    Atom            :               x               y               z
---------------------------------------------------------------------------
    0       P            :       -4.220424        2.392968       -0.273646
    1       C            :       -5.997132        1.375505       -3.083194
    2       C            :       -8.092483        2.659179       -4.063771
    3       C            :       -5.169025       -0.834901       -4.289112
    4       C            :       -9.343704        1.738635       -6.198136
    5       H            :       -8.757748        4.390254       -3.154624
    6       C            :       -6.430995       -1.768314       -6.405636
    7       H            :       -3.514008       -1.836621       -3.554250
    8       C            :       -8.522895       -0.477557       -7.367966
    9       H            :      -10.976477        2.761436       -6.947971
   10       H            :       -5.768651       -3.500270       -7.319442
   11       H            :       -9.507506       -1.196232       -9.037525
   12       C            :       -5.787446        0.548074        2.221515
   13       C            :       -4.635564        0.540707        4.608603
   14       C            :       -8.026494       -0.818870        1.877333
   15       C            :       -5.717572       -0.770032        6.622373
   16       H            :       -2.868161        1.579977        4.889100
   17       C            :       -9.099373       -2.151901        3.887283
   18       H            :       -8.944084       -0.842852        0.027115
   19       C            :       -7.954314       -2.124709        6.262688
   20       H            :       -4.802206       -0.749613        8.475761
   21       H            :      -10.847395       -3.215905        3.592963
   22       H            :       -8.799626       -3.167861        7.834532
   23       C            :       -5.568806        5.550378        0.271583
   24       C            :       -7.589183        6.043257        1.907106
   25       C            :       -4.476557        7.565572       -1.059437
   26       C            :       -8.508681        8.501432        2.190418
   27       H            :       -8.456367        4.497513        2.967505
   28       C            :       -5.408210       10.016325       -0.795943
   29       H            :       -2.876263        7.204099       -2.320760
   30       C            :       -7.428087       10.489547        0.836289
   31       H            :      -10.086072        8.862260        3.477260
   32       H            :       -4.543014       11.566850       -1.854570
   33       H            :       -8.153305       12.412510        1.059156
---------------------------------------------------------------------------
 Center of mass          :       -6.584018        2.541787       -0.157538
===========================================================================


                                                                           
                                                                           
***************************************************************************
***                                                                     ***
***                           XC Functional                             ***
***                                                                     ***
***************************************************************************

Using Libxc (version 7.0.0) to evaluate density functionals. Libxc is free
software. It is distributed under the Mozilla Public License, version 2.0.
For more information, please check the Libxc manual. You should cite

S. Lehtola, C. Steigemann, M. J.T. Oliveira, and M. A.L. Marques., 
SoftwareX 7, 1–5 (2018) DOI: 10.1016/j.softx.2017.11.002

when reporting the results of your calculation in a scientific article.

Libxc functionals used in this calculation:
  - gga_x_b88 (ID 106): Becke 88
     * A. D. Becke.,  Phys. Rev. A 38, 3098 (1988),
       DOI:10.1103/PhysRevA.38.3098
  - gga_c_p86_ft (ID 217): Perdew 86 with more accurate value for ftilde
     * J. P. Perdew.,  Phys. Rev. B 33, 8822 (1986),
       DOI:10.1103/PhysRevB.33.8822
                                                                           
***************************************************************************
***                                                                     ***
***                Computing Initial Guess Wavefunction                 ***
***                                                                     ***
***************************************************************************
                                                                           
                                                                           
~~~~~~~~~~~~~~~~~~~~~~~~~~~~~~~~~~~~~~~~~~~~~~~~~~~~~~~~~~~~~~~~~~~~~~~~~~~
 Calculation             : Compute initial orbitals
 Method                  : Project GTO molecular orbitals
 Precision               : 1.00000e-06
 Screening               : 1.20000e+01 StdDev
 Restricted              : True
 MO file                 : ../initial_guess/opt1_x2csvp/TPhP/mrchem.mop
~~~~~~~~~~~~~~~~~~~~~~~~~~~~~~~~~~~~~~~~~~~~~~~~~~~~~~~~~~~~~~~~~~~~~~~~~~~


===========================================================================
                            Molecular Orbitals
---------------------------------------------------------------------------
 Alpha electrons         :                                          69.000
 Beta electrons          :                                          69.000
 Total electrons         :                                         138.000
---------------------------------------------------------------------------
    n     Occ Spin       :                                            Norm
---------------------------------------------------------------------------
    0    2.00    p       :                              9.999999274482e-01
    1    2.00    p       :                              9.999999288350e-01
    2    2.00    p       :                              9.999999392509e-01
    3    2.00    p       :                              9.999999257841e-01
    4    2.00    p       :                              9.999999162489e-01
    5    2.00    p       :                              9.999999105210e-01
    6    2.00    p       :                              9.999999257536e-01
    7    2.00    p       :                              9.999999246248e-01
    8    2.00    p       :                              9.999999225101e-01
    9    2.00    p       :                              9.999999147783e-01
   10    2.00    p       :                              9.999999337923e-01
   11    2.00    p       :                              9.999999319340e-01
   12    2.00    p       :                              9.999999328355e-01
   13    2.00    p       :                              9.999999312125e-01
   14    2.00    p       :                              9.999999280775e-01
   15    2.00    p       :                              9.999999297321e-01
   16    2.00    p       :                              9.999999196554e-01
   17    2.00    p       :                              9.999999272424e-01
   18    2.00    p       :                              9.999999257567e-01
   19    2.00    p       :                              1.000000151696e+00
   20    2.00    p       :                              9.999995923878e-01
   21    2.00    p       :                              9.999995652543e-01
   22    2.00    p       :                              9.999995786806e-01
   23    2.00    p       :                              1.000000019778e+00
   24    2.00    p       :                              1.000000143028e+00
   25    2.00    p       :                              9.999993815238e-01
   26    2.00    p       :                              9.999992816449e-01
   27    2.00    p       :                              9.999997886633e-01
   28    2.00    p       :                              9.999997572038e-01
   29    2.00    p       :                              9.999997254786e-01
   30    2.00    p       :                              9.999994283099e-01
   31    2.00    p       :                              9.999993692026e-01
   32    2.00    p       :                              9.999997014458e-01
   33    2.00    p       :                              9.999994202817e-01
   34    2.00    p       :                              9.999993593536e-01
   35    2.00    p       :                              9.999997345848e-01
   36    2.00    p       :                              9.999997394559e-01
   37    2.00    p       :                              9.999997633279e-01
   38    2.00    p       :                              9.999997811832e-01
   39    2.00    p       :                              1.000000130327e+00
   40    2.00    p       :                              9.999998443526e-01
   41    2.00    p       :                              9.999995373692e-01
   42    2.00    p       :                              9.999994431571e-01
   43    2.00    p       :                              9.999994235634e-01
   44    2.00    p       :                              9.999995215965e-01
   45    2.00    p       :                              9.999997081990e-01
   46    2.00    p       :                              9.999997758615e-01
   47    2.00    p       :                              9.999996700405e-01
   48    2.00    p       :                              9.999998082585e-01
   49    2.00    p       :                              9.999994132263e-01
   50    2.00    p       :                              9.999994318434e-01
   51    2.00    p       :                              9.999996808388e-01
   52    2.00    p       :                              9.999997053306e-01
   53    2.00    p       :                              9.999997164153e-01
   54    2.00    p       :                              1.000000185670e+00
   55    2.00    p       :                              9.999994172869e-01
   56    2.00    p       :                              9.999994542845e-01
   57    2.00    p       :                              9.999997575949e-01
   58    2.00    p       :                              9.999998188211e-01
   59    2.00    p       :                              9.999997384215e-01
   60    2.00    p       :                              9.999995072091e-01
   61    2.00    p       :                              9.999995381963e-01
   62    2.00    p       :                              9.999997348226e-01
   63    2.00    p       :                              9.999993750795e-01
   64    2.00    p       :                              9.999994272452e-01
   65    2.00    p       :                              9.999997653412e-01
   66    2.00    p       :                              9.999997354054e-01
   67    2.00    p       :                              9.999997359147e-01
   68    2.00    p       :                              9.999995692833e-01
===========================================================================


~~~~~~~~~~~~~~~~~~~~~~~~~~~~~~~~~~~~~~~~~~~~~~~~~~~~~~~~~~~~~~~~~~~~~~~~~~~
 Calculation             : Compute initial energy
 Method                  : DFT
 XC Library              : LibXC
 Relativity              : AZORA
 Environment             : None
 External fields         : None
 Precision               : 1.00000e-06
 Density cutoff          : 0.00000e+00
 Localization            : On
~~~~~~~~~~~~~~~~~~~~~~~~~~~~~~~~~~~~~~~~~~~~~~~~~~~~~~~~~~~~~~~~~~~~~~~~~~~


===========================================================================
                        Molecular Energy (initial)
---------------------------------------------------------------------------
 Kinetic energy          :            (au)               1031.798359726452
 E-N energy              :            (au)              -5248.517385730047
 Coulomb energy          :            (au)               1893.742586496862
 Exchange energy         :            (au)                  0.000000000000
 X-C energy              :            (au)               -126.516160243006
 N-N energy              :            (au)               1412.029183448351
 Non-local pp energy     :            (au)                  0.000000000000
---------------------------------------------------------------------------
 Electronic energy       :            (au)              -2449.492599749738
 Nuclear energy          :            (au)               1412.029183448351
---------------------------------------------------------------------------
 Total energy            :            (au)             -1.037463416301e+03
                         :      (kcal/mol)             -6.510181227229e+05
                         :        (kJ/mol)             -2.723859825473e+06
                         :            (eV)             -2.823081773706e+04
===========================================================================


===========================================================================
                        Orbital Energies (initial)
---------------------------------------------------------------------------
    n     Occ Spin       :                                         Epsilon
---------------------------------------------------------------------------
    0    2.00    p       :            (au)                -76.778043095341
    1    2.00    p       :            (au)                 -9.932921523878
    2    2.00    p       :            (au)                 -9.932910098143
    3    2.00    p       :            (au)                 -9.932835932935
    4    2.00    p       :            (au)                 -9.930731836397
    5    2.00    p       :            (au)                 -9.930721361537
    6    2.00    p       :            (au)                 -9.930692574619
    7    2.00    p       :            (au)                 -9.930248371531
    8    2.00    p       :            (au)                 -9.930231461443
    9    2.00    p       :            (au)                 -9.930192840719
   10    2.00    p       :            (au)                 -9.929946646787
   11    2.00    p       :            (au)                 -9.929937501255
   12    2.00    p       :            (au)                 -9.929907778398
   13    2.00    p       :            (au)                 -9.929634690917
   14    2.00    p       :            (au)                 -9.929618319417
   15    2.00    p       :            (au)                 -9.929585128306
   16    2.00    p       :            (au)                 -9.928989008481
   17    2.00    p       :            (au)                 -9.928967142139
   18    2.00    p       :            (au)                 -9.928929489456
   19    2.00    p       :            (au)                 -6.352723570848
   20    2.00    p       :            (au)                 -4.544397681994
   21    2.00    p       :            (au)                 -4.544396114378
   22    2.00    p       :            (au)                 -4.538713946355
   23    2.00    p       :            (au)                 -0.783631136903
   24    2.00    p       :            (au)                 -0.775190171762
   25    2.00    p       :            (au)                 -0.775160129928
   26    2.00    p       :            (au)                 -0.701500747261
   27    2.00    p       :            (au)                 -0.674595834667
   28    2.00    p       :            (au)                 -0.674582048713
   29    2.00    p       :            (au)                 -0.673042531495
   30    2.00    p       :            (au)                 -0.668807030784
   31    2.00    p       :            (au)                 -0.668796597351
   32    2.00    p       :            (au)                 -0.588980684509
   33    2.00    p       :            (au)                 -0.546796823230
   34    2.00    p       :            (au)                 -0.546776046780
   35    2.00    p       :            (au)                 -0.544972340555
   36    2.00    p       :            (au)                 -0.534758631596
   37    2.00    p       :            (au)                 -0.534753279164
   38    2.00    p       :            (au)                 -0.503775089025
   39    2.00    p       :            (au)                 -0.468727010642
   40    2.00    p       :            (au)                 -0.468706607100
   41    2.00    p       :            (au)                 -0.444464416591
   42    2.00    p       :            (au)                 -0.410855096905
   43    2.00    p       :            (au)                 -0.410840505722
   44    2.00    p       :            (au)                 -0.409937780623
   45    2.00    p       :            (au)                 -0.400291930764
   46    2.00    p       :            (au)                 -0.400283700517
   47    2.00    p       :            (au)                 -0.393619590347
   48    2.00    p       :            (au)                 -0.378092501793
   49    2.00    p       :            (au)                 -0.377469279320
   50    2.00    p       :            (au)                 -0.377446866021
   51    2.00    p       :            (au)                 -0.366561417521
   52    2.00    p       :            (au)                 -0.366524940489
   53    2.00    p       :            (au)                 -0.336980451138
   54    2.00    p       :            (au)                 -0.333870050212
   55    2.00    p       :            (au)                 -0.333832882196
   56    2.00    p       :            (au)                 -0.325054001343
   57    2.00    p       :            (au)                 -0.305942108532
   58    2.00    p       :            (au)                 -0.305921313004
   59    2.00    p       :            (au)                 -0.305206140946
   60    2.00    p       :            (au)                 -0.287746875093
   61    2.00    p       :            (au)                 -0.287729529326
   62    2.00    p       :            (au)                 -0.251786751220
   63    2.00    p       :            (au)                 -0.239032838961
   64    2.00    p       :            (au)                 -0.238670158721
   65    2.00    p       :            (au)                 -0.238618550703
   66    2.00    p       :            (au)                 -0.231759090497
   67    2.00    p       :            (au)                 -0.231749183736
   68    2.00    p       :            (au)                 -0.194043131534
---------------------------------------------------------------------------
 Sum occupied            :            (au)               -591.646319881033
===========================================================================


                                                                           
***************************************************************************
***                                                                     ***
***                 Computing Ground State Wavefunction                 ***
***                                                                     ***
***************************************************************************
                                                                           
                                                                           
~~~~~~~~~~~~~~~~~~~~~~~~~~~~~~~~~~~~~~~~~~~~~~~~~~~~~~~~~~~~~~~~~~~~~~~~~~~
 Calculation             : Optimize ground state orbitals
 Method                  : DFT
 XC library              : LibXC
 Relativity              : AZORA
 Environment             : None
 External fields         : None
 Checkpointing           : Off
 Max iterations          : 100
 KAIN solver             : 3
 Localization            : First two iterations
 Diagonalization         : Off
 Start precision         : 1.00000e-06
 Final precision         : 1.00000e-06
 Helmholtz precision     : Dynamic
 Energy threshold        : 1.00000e-04
 Orbital threshold       : 1.00000e-03
~~~~~~~~~~~~~~~~~~~~~~~~~~~~~~~~~~~~~~~~~~~~~~~~~~~~~~~~~~~~~~~~~~~~~~~~~~~


===========================================================================
 Iter           MO residual             Total energy                Update
---------------------------------------------------------------------------
    0          8.306624e+00       -1037.463416301387         -1.037463e+03
    1          1.569653e-01       -1038.371278871982         -9.078626e-01
    2          4.685083e-02       -1038.427150259962         -5.587139e-02
    3          1.894877e-02       -1038.434856906168         -7.706646e-03
    4          1.351519e-02       -1038.436649120898         -1.792215e-03
    5          6.376091e-03       -1038.436883500013         -2.343791e-04
    6          3.029302e-03       -1038.436947682025         -6.418201e-05
    7          2.713237e-03       -1038.436978343503         -3.066148e-05
    8          1.949597e-03       -1038.436985767253         -7.423751e-06
---------------------------------------------------------------------------
                      SCF converged in 8 iterations!
===========================================================================


                                                                           
***************************************************************************
***                                                                     ***
***                    Printing Molecular Properties                    ***
***                                                                     ***
***************************************************************************
                                                                           
                                                                           
===========================================================================
                                 Molecule
---------------------------------------------------------------------------
 Charge                  :                                               0
 Multiplicity            :                                               1
---------------------------------------------------------------------------
    N    Atom            :               x               y               z
---------------------------------------------------------------------------
    0       P            :       -4.220424        2.392968       -0.273646
    1       C            :       -5.997132        1.375505       -3.083194
    2       C            :       -8.092483        2.659179       -4.063771
    3       C            :       -5.169025       -0.834901       -4.289112
    4       C            :       -9.343704        1.738635       -6.198136
    5       H            :       -8.757748        4.390254       -3.154624
    6       C            :       -6.430995       -1.768314       -6.405636
    7       H            :       -3.514008       -1.836621       -3.554250
    8       C            :       -8.522895       -0.477557       -7.367966
    9       H            :      -10.976477        2.761436       -6.947971
   10       H            :       -5.768651       -3.500270       -7.319442
   11       H            :       -9.507506       -1.196232       -9.037525
   12       C            :       -5.787446        0.548074        2.221515
   13       C            :       -4.635564        0.540707        4.608603
   14       C            :       -8.026494       -0.818870        1.877333
   15       C            :       -5.717572       -0.770032        6.622373
   16       H            :       -2.868161        1.579977        4.889100
   17       C            :       -9.099373       -2.151901        3.887283
   18       H            :       -8.944084       -0.842852        0.027115
   19       C            :       -7.954314       -2.124709        6.262688
   20       H            :       -4.802206       -0.749613        8.475761
   21       H            :      -10.847395       -3.215905        3.592963
   22       H            :       -8.799626       -3.167861        7.834532
   23       C            :       -5.568806        5.550378        0.271583
   24       C            :       -7.589183        6.043257        1.907106
   25       C            :       -4.476557        7.565572       -1.059437
   26       C            :       -8.508681        8.501432        2.190418
   27       H            :       -8.456367        4.497513        2.967505
   28       C            :       -5.408210       10.016325       -0.795943
   29       H            :       -2.876263        7.204099       -2.320760
   30       C            :       -7.428087       10.489547        0.836289
   31       H            :      -10.086072        8.862260        3.477260
   32       H            :       -4.543014       11.566850       -1.854570
   33       H            :       -8.153305       12.412510        1.059156
---------------------------------------------------------------------------
 Center of mass          :       -6.584018        2.541787       -0.157538
===========================================================================


===========================================================================
                         Molecular Energy (final)
---------------------------------------------------------------------------
 Kinetic energy          :            (au)               1036.807078161576
 E-N energy              :            (au)              -5255.437658754226
 Coulomb energy          :            (au)               1894.943994919124
 Exchange energy         :            (au)                  0.000000000000
 X-C energy              :            (au)               -126.779583542079
 N-N energy              :            (au)               1412.029183448351
 Non-local pp energy     :            (au)                  0.000000000000
---------------------------------------------------------------------------
 Electronic energy       :            (au)              -2450.466169215604
 Nuclear energy          :            (au)               1412.029183448351
---------------------------------------------------------------------------
 Total energy            :            (au)             -1.038436985767e+03
                         :      (kcal/mol)             -6.516290467864e+05
                         :        (kJ/mol)             -2.726415931754e+06
                         :            (eV)             -2.825730991183e+04
===========================================================================


===========================================================================
                         Orbital Energies (final)
---------------------------------------------------------------------------
    n     Occ Spin       :                                         Epsilon
---------------------------------------------------------------------------
    0    2.00    p       :            (au)                -76.772239907797
    1    2.00    p       :            (au)                 -9.923637605630
    2    2.00    p       :            (au)                 -9.923637493788
    3    2.00    p       :            (au)                 -9.923625439316
    4    2.00    p       :            (au)                 -9.918663983795
    5    2.00    p       :            (au)                 -9.918652322320
    6    2.00    p       :            (au)                 -9.918634404822
    7    2.00    p       :            (au)                 -9.918297506777
    8    2.00    p       :            (au)                 -9.918276080494
    9    2.00    p       :            (au)                 -9.918246053657
   10    2.00    p       :            (au)                 -9.917854441561
   11    2.00    p       :            (au)                 -9.917841226236
   12    2.00    p       :            (au)                 -9.917817658613
   13    2.00    p       :            (au)                 -9.917566534093
   14    2.00    p       :            (au)                 -9.917546103969
   15    2.00    p       :            (au)                 -9.917517513474
   16    2.00    p       :            (au)                 -9.916836360493
   17    2.00    p       :            (au)                 -9.916811635718
   18    2.00    p       :            (au)                 -9.916778380030
   19    2.00    p       :            (au)                 -6.340458209160
   20    2.00    p       :            (au)                 -4.521345335470
   21    2.00    p       :            (au)                 -4.521344426795
   22    2.00    p       :            (au)                 -4.516464720355
   23    2.00    p       :            (au)                 -0.792092184066
   24    2.00    p       :            (au)                 -0.784194436863
   25    2.00    p       :            (au)                 -0.784166386015
   26    2.00    p       :            (au)                 -0.708447952839
   27    2.00    p       :            (au)                 -0.684050883244
   28    2.00    p       :            (au)                 -0.684040279928
   29    2.00    p       :            (au)                 -0.682707134878
   30    2.00    p       :            (au)                 -0.678251572692
   31    2.00    p       :            (au)                 -0.678239671638
   32    2.00    p       :            (au)                 -0.593637497849
   33    2.00    p       :            (au)                 -0.553857445303
   34    2.00    p       :            (au)                 -0.553837762485
   35    2.00    p       :            (au)                 -0.552211104005
   36    2.00    p       :            (au)                 -0.542001733878
   37    2.00    p       :            (au)                 -0.541996925914
   38    2.00    p       :            (au)                 -0.508514592262
   39    2.00    p       :            (au)                 -0.472189771056
   40    2.00    p       :            (au)                 -0.472170491869
   41    2.00    p       :            (au)                 -0.448904845998
   42    2.00    p       :            (au)                 -0.413874727550
   43    2.00    p       :            (au)                 -0.413856547086
   44    2.00    p       :            (au)                 -0.411961908723
   45    2.00    p       :            (au)                 -0.405294013942
   46    2.00    p       :            (au)                 -0.405288611238
   47    2.00    p       :            (au)                 -0.398234461361
   48    2.00    p       :            (au)                 -0.380895118701
   49    2.00    p       :            (au)                 -0.380259274122
   50    2.00    p       :            (au)                 -0.380239051447
   51    2.00    p       :            (au)                 -0.368601152282
   52    2.00    p       :            (au)                 -0.368565472837
   53    2.00    p       :            (au)                 -0.340097659655
   54    2.00    p       :            (au)                 -0.337014129650
   55    2.00    p       :            (au)                 -0.336977672548
   56    2.00    p       :            (au)                 -0.327693289740
   57    2.00    p       :            (au)                 -0.308276340498
   58    2.00    p       :            (au)                 -0.308257107618
   59    2.00    p       :            (au)                 -0.307566647069
   60    2.00    p       :            (au)                 -0.288951124002
   61    2.00    p       :            (au)                 -0.288932407064
   62    2.00    p       :            (au)                 -0.254480257685
   63    2.00    p       :            (au)                 -0.242796995345
   64    2.00    p       :            (au)                 -0.242013118010
   65    2.00    p       :            (au)                 -0.241962653332
   66    2.00    p       :            (au)                 -0.235052977065
   67    2.00    p       :            (au)                 -0.235045429473
   68    2.00    p       :            (au)                 -0.197263133643
---------------------------------------------------------------------------
 Sum occupied            :            (au)               -591.490114597672
===========================================================================


===========================================================================
                             Orbital Positions
---------------------------------------------------------------------------
  Index       Occ        :               x               y               z
---------------------------------------------------------------------------
      0      2.00        :       -4.220466        2.392971       -0.273644
      1      2.00        :       -5.787379        0.548131        2.221414
      2      2.00        :       -5.997056        1.375554       -3.083096
      3      2.00        :       -5.568746        5.550259        0.271575
      4      2.00        :       -4.635570        0.540723        4.608584
      5      2.00        :       -4.476565        7.565547       -1.059441
      6      2.00        :       -5.169029       -0.834892       -4.289088
      7      2.00        :       -7.954318       -2.124719        6.262693
      8      2.00        :       -7.428090       10.489557        0.836295
      9      2.00        :       -8.522900       -0.477557       -7.367977
     10      2.00        :       -5.717566       -0.770027        6.622375
     11      2.00        :       -5.408205       10.016324       -0.795948
     12      2.00        :       -6.430990       -1.768319       -6.405633
     13      2.00        :       -9.099379       -2.151902        3.887291
     14      2.00        :       -8.508687        8.501439        2.190416
     15      2.00        :       -9.343711        1.738630       -6.198141
     16      2.00        :       -8.026448       -0.818858        1.877335
     17      2.00        :       -7.589140        6.043250        1.907090
     18      2.00        :       -8.092439        2.659166       -4.063762
     19      2.00        :       -4.320800        2.264758       -0.459463
     20      2.00        :       -3.977866        2.377711       -0.285712
     21      2.00        :       -4.298630        2.300145       -0.058451
     22      2.00        :       -4.289458        2.629578       -0.290709
     23      2.00        :       -3.207191        2.329226       -0.323926
     24      2.00        :       -5.276972        1.863696       -1.859250
     25      2.00        :       -7.352449        1.543107       -3.396631
     26      2.00        :       -6.678667        2.124295       -4.012236
     27      2.00        :       -5.558696        0.276368       -3.647112
     28      2.00        :       -8.722804        2.215701       -5.131178
     29      2.00        :       -8.536178        3.805190       -3.463741
     30      2.00        :       -6.298284       -1.407566       -5.030743
     31      2.00        :       -5.657662       -0.815492       -5.667722
     32      2.00        :       -4.067842       -1.498519       -3.791094
     33      2.00        :       -9.084489        0.351477       -6.272647
     34      2.00        :       -8.435551        0.930909       -6.905605
     35      2.00        :       -7.482721       -1.147827       -6.906321
     36      2.00        :      -10.434285        2.424483       -6.694463
     37      2.00        :       -5.991143       -2.924027       -7.017218
     38      2.00        :       -9.177983       -0.961054       -8.484268
     39      2.00        :       -5.164164        1.332279        1.102839
     40      2.00        :       -5.188979        0.573963        3.387457
     41      2.00        :       -7.147084        0.268578        2.409860
     42      2.00        :       -6.551825       -0.589374        2.126710
     43      2.00        :       -5.660335        0.239955        5.615372
     44      2.00        :       -5.099228       -0.640073        5.337558
     45      2.00        :       -3.460211        1.238633        4.788372
     46      2.00        :       -8.570047       -1.493555        2.868578
     47      2.00        :       -8.637251       -0.836123        0.653824
     48      2.00        :       -6.837834       -1.451765        6.474320
     49      2.00        :       -8.074534       -2.419886        4.811831
     50      2.00        :       -8.645654       -1.549119        5.081843
     51      2.00        :       -5.108835       -0.757888        7.860263
     52      2.00        :      -10.267370       -2.859966        3.686160
     53      2.00        :       -8.515876       -2.820916        7.315774
     54      2.00        :       -5.037005        4.160036        0.074165
     55      2.00        :       -6.166289        6.070495        1.394130
     56      2.00        :       -6.880371        5.921637        0.595014
     57      2.00        :       -5.003864        6.518172       -0.408500
     58      2.00        :       -8.054480        7.264865        2.063548
     59      2.00        :       -8.166304        5.021976        2.610073
     60      2.00        :       -5.470373        8.639750       -1.168867
     61      2.00        :       -4.787138        8.806045       -0.349011
     62      2.00        :       -3.413124        7.315891       -1.900690
     63      2.00        :       -7.476061        9.383940        1.826725
     64      2.00        :       -8.167715        9.215952        1.019987
     65      2.00        :       -6.420069       10.282787        0.008372
     66      2.00        :       -9.562973        8.737238        3.050012
     67      2.00        :       -4.832761       11.052800       -1.501404
     68      2.00        :       -7.909610       11.776314        0.982682
===========================================================================


===========================================================================
                           Dipole Moment (dip-1)
---------------------------------------------------------------------------
 r_O                     :        0.000000        0.000000        0.000000
---------------------------------------------------------------------------
 Electronic vector       :      914.207440     -351.120159       21.466310
 Magnitude               :            (au)                      979.551638
                         :         (Debye)                     2489.771922
---------------------------------------------------------------------------
 Nuclear vector          :     -914.746371      351.154032      -21.438471
 Magnitude               :            (au)                      980.066164
                         :         (Debye)                     2491.079717
---------------------------------------------------------------------------
 Total vector            :       -0.538931        0.033873        0.027839
 Magnitude               :            (au)                        0.540712
                         :         (Debye)                        1.374353
===========================================================================


                                                                           
                                                                           
***************************************************************************
***                                                                     ***
***                            Exiting MRChem                           ***
***                                                                     ***
***                       Wall time :  0h  9m  4s                       ***
***                                                                     ***
***************************************************************************
                                                                           
                                                                           
