Warning: recommended number of threads is 63
setting number of threads to omp_threads, 32
WARNING: only 66 threads used per node while 256 logical cpus are accessible 
                                                                           
                                                                           
***************************************************************************
***                                                                     ***
***                                                                     ***
***          __  __ ____   ____ _                                       ***
***         |  \/  |  _ \ / ___| |__   ___ _ __ ___                     ***
***         | |\/| | |_) | |   | '_ \ / _ \ '_ ` _ \                    ***
***         | |  | |  _ <| |___| | | |  __/ | | | | |                   ***
***         |_|  |_|_| \_\\____|_| |_|\___|_| |_| |_|                   ***
***                                                                     ***
***         VERSION            1.2.0-alpha                              ***
***                                                                     ***
***         Git branch         master                                   ***
***         Git commit hash    d6a1a67ced60ba46a7d9-dirty               ***
***         Git commit author  Niklas Göllmann                         ***
***         Git commit date    Wed Jun 24 12:36:55 2026 +0200           ***
***                                                                     ***
***         Contact: luca.frediani@uit.no                               ***
***                                                                     ***
***         Radovan Bast            Magnar Bjorgve                      ***
***         Roberto Di Remigio      Antoine Durdek                      ***
***         Luca Frediani           Gabriel Gerez                       ***
***         Stig Rune Jensen        Jonas Juselius                      ***
***         Rune Monstad            Peter Wind                          ***
***                                                                     ***
***************************************************************************

---------------------------------------------------------------------------

 MPI processes           :       (32 bank)                              64
 OpenMP threads          :                                              32
 Total cores             :                                            1056
                                                                           
---------------------------------------------------------------------------


---------------------------------------------------------------------------

 MRCPP version         : 1.6.0-alpha
 Git branch            : HEAD
 Git commit hash       : 77187f0e2a0707410329
 Git commit author     : Valentyn113
 Git commit date       : Tue Jun 9 15:08:36 2026 +0200

 Linear algebra        : EIGEN v3.4.0
 Parallelization       : MPI/OpenMP (32 threads)

---------------------------------------------------------------------------


                                                                           
===========================================================================
                         MultiResolution Analysis
---------------------------------------------------------------------------
 polynomial order      : 7
 polynomial type       : Interpolating
---------------------------------------------------------------------------
 total boxes           : 8
 boxes                 : [          2           2           2 ]
 unit lengths          : [   64.00000    64.00000    64.00000 ]
 scaling factor        : [    1.00000     1.00000     1.00000 ]
 lower bounds          : [  -64.00000   -64.00000   -64.00000 ]
 upper bounds          : [   64.00000    64.00000    64.00000 ]
 total length          : [  128.00000   128.00000   128.00000 ]
===========================================================================


                                                                           
***************************************************************************
***                                                                     ***
***                        Initializing Molecule                        ***
***                                                                     ***
***************************************************************************
                                                                           
                                                                           
===========================================================================
                                 Molecule
---------------------------------------------------------------------------
 Charge                  :                                               0
 Multiplicity            :                                               1
---------------------------------------------------------------------------
    N    Atom            :               x               y               z
---------------------------------------------------------------------------
    0       P            :       -4.220424        2.392968       -0.273646
    1       C            :       -5.997132        1.375505       -3.083194
    2       C            :       -8.092483        2.659179       -4.063771
    3       C            :       -5.169025       -0.834901       -4.289112
    4       C            :       -9.343704        1.738635       -6.198136
    5       H            :       -8.757748        4.390254       -3.154624
    6       C            :       -6.430995       -1.768314       -6.405636
    7       H            :       -3.514008       -1.836621       -3.554250
    8       C            :       -8.522895       -0.477557       -7.367966
    9       H            :      -10.976477        2.761436       -6.947971
   10       H            :       -5.768651       -3.500270       -7.319442
   11       H            :       -9.507506       -1.196232       -9.037525
   12       C            :       -5.787446        0.548074        2.221515
   13       C            :       -4.635564        0.540707        4.608603
   14       C            :       -8.026494       -0.818870        1.877333
   15       C            :       -5.717572       -0.770032        6.622373
   16       H            :       -2.868161        1.579977        4.889100
   17       C            :       -9.099373       -2.151901        3.887283
   18       H            :       -8.944084       -0.842852        0.027115
   19       C            :       -7.954314       -2.124709        6.262688
   20       H            :       -4.802206       -0.749613        8.475761
   21       H            :      -10.847395       -3.215905        3.592963
   22       H            :       -8.799626       -3.167861        7.834532
   23       C            :       -5.568806        5.550378        0.271583
   24       C            :       -7.589183        6.043257        1.907106
   25       C            :       -4.476557        7.565572       -1.059437
   26       C            :       -8.508681        8.501432        2.190418
   27       H            :       -8.456367        4.497513        2.967505
   28       C            :       -5.408210       10.016325       -0.795943
   29       H            :       -2.876263        7.204099       -2.320760
   30       C            :       -7.428087       10.489547        0.836289
   31       H            :      -10.086072        8.862260        3.477260
   32       H            :       -4.543014       11.566850       -1.854570
   33       H            :       -8.153305       12.412510        1.059156
---------------------------------------------------------------------------
 Center of mass          :       -6.584018        2.541787       -0.157538
===========================================================================


                                                                           
                                                                           
***************************************************************************
***                                                                     ***
***                           XC Functional                             ***
***                                                                     ***
***************************************************************************

Using Libxc (version 7.0.0) to evaluate density functionals. Libxc is free
software. It is distributed under the Mozilla Public License, version 2.0.
For more information, please check the Libxc manual. You should cite

S. Lehtola, C. Steigemann, M. J.T. Oliveira, and M. A.L. Marques., 
SoftwareX 7, 1–5 (2018) DOI: 10.1016/j.softx.2017.11.002

when reporting the results of your calculation in a scientific article.

Libxc functionals used in this calculation:
  - gga_x_b88 (ID 106): Becke 88
     * A. D. Becke.,  Phys. Rev. A 38, 3098 (1988),
       DOI:10.1103/PhysRevA.38.3098
  - gga_c_p86_ft (ID 217): Perdew 86 with more accurate value for ftilde
     * J. P. Perdew.,  Phys. Rev. B 33, 8822 (1986),
       DOI:10.1103/PhysRevB.33.8822
                                                                           
***************************************************************************
***                                                                     ***
***                Computing Initial Guess Wavefunction                 ***
***                                                                     ***
***************************************************************************
                                                                           
                                                                           
~~~~~~~~~~~~~~~~~~~~~~~~~~~~~~~~~~~~~~~~~~~~~~~~~~~~~~~~~~~~~~~~~~~~~~~~~~~
 Calculation             : Compute initial orbitals
 Method                  : Project GTO molecular orbitals
 Precision               : 1.00000e-06
 Screening               : 1.20000e+01 StdDev
 Restricted              : True
 MO file                 : ../initial_guess/opt1_x2csvp/TPhP/mrchem.mop
~~~~~~~~~~~~~~~~~~~~~~~~~~~~~~~~~~~~~~~~~~~~~~~~~~~~~~~~~~~~~~~~~~~~~~~~~~~


===========================================================================
                            Molecular Orbitals
---------------------------------------------------------------------------
 Alpha electrons         :                                          69.000
 Beta electrons          :                                          69.000
 Total electrons         :                                         138.000
---------------------------------------------------------------------------
    n     Occ Spin       :                                            Norm
---------------------------------------------------------------------------
    0    2.00    p       :                              9.999999274482e-01
    1    2.00    p       :                              9.999999288350e-01
    2    2.00    p       :                              9.999999392509e-01
    3    2.00    p       :                              9.999999257841e-01
    4    2.00    p       :                              9.999999162489e-01
    5    2.00    p       :                              9.999999105210e-01
    6    2.00    p       :                              9.999999257536e-01
    7    2.00    p       :                              9.999999246248e-01
    8    2.00    p       :                              9.999999225101e-01
    9    2.00    p       :                              9.999999147783e-01
   10    2.00    p       :                              9.999999337923e-01
   11    2.00    p       :                              9.999999319340e-01
   12    2.00    p       :                              9.999999328355e-01
   13    2.00    p       :                              9.999999312125e-01
   14    2.00    p       :                              9.999999280775e-01
   15    2.00    p       :                              9.999999297321e-01
   16    2.00    p       :                              9.999999196554e-01
   17    2.00    p       :                              9.999999272424e-01
   18    2.00    p       :                              9.999999257567e-01
   19    2.00    p       :                              1.000000151696e+00
   20    2.00    p       :                              9.999995923878e-01
   21    2.00    p       :                              9.999995652543e-01
   22    2.00    p       :                              9.999995786806e-01
   23    2.00    p       :                              1.000000019778e+00
   24    2.00    p       :                              1.000000143028e+00
   25    2.00    p       :                              9.999993815238e-01
   26    2.00    p       :                              9.999992816449e-01
   27    2.00    p       :                              9.999997886633e-01
   28    2.00    p       :                              9.999997572038e-01
   29    2.00    p       :                              9.999997254786e-01
   30    2.00    p       :                              9.999994283099e-01
   31    2.00    p       :                              9.999993692026e-01
   32    2.00    p       :                              9.999997014458e-01
   33    2.00    p       :                              9.999994202817e-01
   34    2.00    p       :                              9.999993593536e-01
   35    2.00    p       :                              9.999997345848e-01
   36    2.00    p       :                              9.999997394559e-01
   37    2.00    p       :                              9.999997633279e-01
   38    2.00    p       :                              9.999997811832e-01
   39    2.00    p       :                              1.000000130327e+00
   40    2.00    p       :                              9.999998443526e-01
   41    2.00    p       :                              9.999995373692e-01
   42    2.00    p       :                              9.999994431571e-01
   43    2.00    p       :                              9.999994235634e-01
   44    2.00    p       :                              9.999995215965e-01
   45    2.00    p       :                              9.999997081990e-01
   46    2.00    p       :                              9.999997758615e-01
   47    2.00    p       :                              9.999996700405e-01
   48    2.00    p       :                              9.999998082585e-01
   49    2.00    p       :                              9.999994132263e-01
   50    2.00    p       :                              9.999994318434e-01
   51    2.00    p       :                              9.999996808388e-01
   52    2.00    p       :                              9.999997053306e-01
   53    2.00    p       :                              9.999997164153e-01
   54    2.00    p       :                              1.000000185670e+00
   55    2.00    p       :                              9.999994172869e-01
   56    2.00    p       :                              9.999994542845e-01
   57    2.00    p       :                              9.999997575949e-01
   58    2.00    p       :                              9.999998188211e-01
   59    2.00    p       :                              9.999997384215e-01
   60    2.00    p       :                              9.999995072091e-01
   61    2.00    p       :                              9.999995381963e-01
   62    2.00    p       :                              9.999997348226e-01
   63    2.00    p       :                              9.999993750795e-01
   64    2.00    p       :                              9.999994272452e-01
   65    2.00    p       :                              9.999997653412e-01
   66    2.00    p       :                              9.999997354054e-01
   67    2.00    p       :                              9.999997359147e-01
   68    2.00    p       :                              9.999995692833e-01
===========================================================================


~~~~~~~~~~~~~~~~~~~~~~~~~~~~~~~~~~~~~~~~~~~~~~~~~~~~~~~~~~~~~~~~~~~~~~~~~~~
 Calculation             : Compute initial energy
 Method                  : DFT
 XC Library              : LibXC
 Relativity              : ZORA (V_nuc + J + V_xc)
 Environment             : None
 External fields         : None
 Precision               : 1.00000e-06
 Density cutoff          : 0.00000e+00
 Localization            : On
~~~~~~~~~~~~~~~~~~~~~~~~~~~~~~~~~~~~~~~~~~~~~~~~~~~~~~~~~~~~~~~~~~~~~~~~~~~


===========================================================================
                        Molecular Energy (initial)
---------------------------------------------------------------------------
 Kinetic energy          :            (au)               1031.832505134315
 E-N energy              :            (au)              -5248.517385744175
 Coulomb energy          :            (au)               1893.742587805155
 Exchange energy         :            (au)                  0.000000000000
 X-C energy              :            (au)               -126.516160243006
 N-N energy              :            (au)               1412.029183448351
 Non-local pp energy     :            (au)                  0.000000000000
---------------------------------------------------------------------------
 Electronic energy       :            (au)              -2449.458453047710
 Nuclear energy          :            (au)               1412.029183448351
---------------------------------------------------------------------------
 Total energy            :            (au)             -1.037429269599e+03
                         :      (kcal/mol)             -6.509966953439e+05
                         :        (kJ/mol)             -2.723770173319e+06
                         :            (eV)             -2.822988855796e+04
===========================================================================


===========================================================================
                        Orbital Energies (initial)
---------------------------------------------------------------------------
    n     Occ Spin       :                                         Epsilon
---------------------------------------------------------------------------
    0    2.00    p       :            (au)                -76.775743410876
    1    2.00    p       :            (au)                 -9.932260200779
    2    2.00    p       :            (au)                 -9.932248781109
    3    2.00    p       :            (au)                 -9.932174264379
    4    2.00    p       :            (au)                 -9.930136083346
    5    2.00    p       :            (au)                 -9.930125465772
    6    2.00    p       :            (au)                 -9.930096660319
    7    2.00    p       :            (au)                 -9.929700494742
    8    2.00    p       :            (au)                 -9.929683544886
    9    2.00    p       :            (au)                 -9.929644830227
   10    2.00    p       :            (au)                 -9.929393774633
   11    2.00    p       :            (au)                 -9.929384652635
   12    2.00    p       :            (au)                 -9.929354966097
   13    2.00    p       :            (au)                 -9.929067752109
   14    2.00    p       :            (au)                 -9.929051442951
   15    2.00    p       :            (au)                 -9.929018343571
   16    2.00    p       :            (au)                 -9.928351398211
   17    2.00    p       :            (au)                 -9.928329352169
   18    2.00    p       :            (au)                 -9.928291625087
   19    2.00    p       :            (au)                 -6.352327672482
   20    2.00    p       :            (au)                 -4.543945475158
   21    2.00    p       :            (au)                 -4.543943901926
   22    2.00    p       :            (au)                 -4.538261653992
   23    2.00    p       :            (au)                 -0.783571619977
   24    2.00    p       :            (au)                 -0.775130167867
   25    2.00    p       :            (au)                 -0.775100124084
   26    2.00    p       :            (au)                 -0.701441242306
   27    2.00    p       :            (au)                 -0.674532811111
   28    2.00    p       :            (au)                 -0.674519025094
   29    2.00    p       :            (au)                 -0.672979476616
   30    2.00    p       :            (au)                 -0.668741156998
   31    2.00    p       :            (au)                 -0.668730717384
   32    2.00    p       :            (au)                 -0.588921707541
   33    2.00    p       :            (au)                 -0.546741554703
   34    2.00    p       :            (au)                 -0.546720769509
   35    2.00    p       :            (au)                 -0.544917505854
   36    2.00    p       :            (au)                 -0.534700888654
   37    2.00    p       :            (au)                 -0.534695534829
   38    2.00    p       :            (au)                 -0.503725344737
   39    2.00    p       :            (au)                 -0.468692382756
   40    2.00    p       :            (au)                 -0.468671981197
   41    2.00    p       :            (au)                 -0.444419966457
   42    2.00    p       :            (au)                 -0.410802072236
   43    2.00    p       :            (au)                 -0.410787470563
   44    2.00    p       :            (au)                 -0.409883951856
   45    2.00    p       :            (au)                 -0.400244569215
   46    2.00    p       :            (au)                 -0.400236343458
   47    2.00    p       :            (au)                 -0.393573755401
   48    2.00    p       :            (au)                 -0.378048785928
   49    2.00    p       :            (au)                 -0.377425550445
   50    2.00    p       :            (au)                 -0.377403132638
   51    2.00    p       :            (au)                 -0.366514142800
   52    2.00    p       :            (au)                 -0.366477653639
   53    2.00    p       :            (au)                 -0.336940567198
   54    2.00    p       :            (au)                 -0.333831226422
   55    2.00    p       :            (au)                 -0.333794055450
   56    2.00    p       :            (au)                 -0.325006374730
   57    2.00    p       :            (au)                 -0.305892879925
   58    2.00    p       :            (au)                 -0.305872081960
   59    2.00    p       :            (au)                 -0.305156751647
   60    2.00    p       :            (au)                 -0.287689025090
   61    2.00    p       :            (au)                 -0.287671661319
   62    2.00    p       :            (au)                 -0.251740806186
   63    2.00    p       :            (au)                 -0.238991536943
   64    2.00    p       :            (au)                 -0.238625800437
   65    2.00    p       :            (au)                 -0.238574196393
   66    2.00    p       :            (au)                 -0.231715260152
   67    2.00    p       :            (au)                 -0.231705368389
   68    2.00    p       :            (au)                 -0.193991189801
---------------------------------------------------------------------------
 Sum occupied            :            (au)               -591.612171870714
===========================================================================


                                                                           
***************************************************************************
***                                                                     ***
***                 Computing Ground State Wavefunction                 ***
***                                                                     ***
***************************************************************************
                                                                           
                                                                           
~~~~~~~~~~~~~~~~~~~~~~~~~~~~~~~~~~~~~~~~~~~~~~~~~~~~~~~~~~~~~~~~~~~~~~~~~~~
 Calculation             : Optimize ground state orbitals
 Method                  : DFT
 XC library              : LibXC
 Relativity              : ZORA (V_nuc + J + V_xc)
 Environment             : None
 External fields         : None
 Checkpointing           : Off
 Max iterations          : 100
 KAIN solver             : 3
 Localization            : First two iterations
 Diagonalization         : Off
 Start precision         : 1.00000e-06
 Final precision         : 1.00000e-06
 Helmholtz precision     : Dynamic
 Energy threshold        : 1.00000e-04
 Orbital threshold       : 1.00000e-03
~~~~~~~~~~~~~~~~~~~~~~~~~~~~~~~~~~~~~~~~~~~~~~~~~~~~~~~~~~~~~~~~~~~~~~~~~~~


===========================================================================
 Iter           MO residual             Total energy                Update
---------------------------------------------------------------------------
    0          8.306624e+00       -1037.429269599359         -1.037429e+03
    1          1.568463e-01       -1038.320650777870         -8.913812e-01
    2          4.680341e-02       -1038.301060388419          1.959039e-02
    3          1.953090e-02       -1038.340499601357         -3.943921e-02
    4          1.674756e-02       -1038.309051306014          3.144830e-02
    5          1.400509e-02       -1037.622835636959          6.862157e-01
    6          1.480601e-02       -1034.796715330870          2.826120e+00
    7          1.657538e-02       -1037.942064499791         -3.145349e+00
    8          2.925244e-02       -1021.206892474032          1.673517e+01
    9          2.505529e-02       -1032.912241324050         -1.170535e+01
   10          2.808169e-02       -1032.886315094574          2.592623e-02
   11          9.988139e-03       63608.842436938663          6.464173e+04
Error: /cluster/projects/nn14654k/ylvaos/mrchem/build/_deps/mrcpp_sources-src/src/trees/NodeAllocator.cpp: appendChunk(), line 195: Shared block too small
Error: /cluster/projects/nn14654k/ylvaos/mrchem/build/_deps/mrcpp_sources-src/src/trees/NodeAllocator.cpp: appendChunk(), line 195: Shared block too small
Error: /cluster/projects/nn14654k/ylvaos/mrchem/build/_deps/mrcpp_sources-src/src/trees/NodeAllocator.cpp: appendChunk(), line 195: Shared block too small
Error: /cluster/projects/nn14654k/ylvaos/mrchem/build/_deps/mrcpp_sources-src/src/trees/NodeAllocator.cpp: appendChunk(), line 195: Shared block too small
Error: /cluster/projects/nn14654k/ylvaos/mrchem/build/_deps/mrcpp_sources-src/src/trees/NodeAllocator.cpp: appendChunk(), line 195: Shared block too small
Error: /cluster/projects/nn14654k/ylvaos/mrchem/build/_deps/mrcpp_sources-src/src/trees/NodeAllocator.cpp: appendChunk(), line 195: Shared block too small
Error: /cluster/projects/nn14654k/ylvaos/mrchem/build/_deps/mrcpp_sources-src/src/trees/NodeAllocator.cpp: appendChunk(), line 195: Shared block too small
Error: /cluster/projects/nn14654k/ylvaos/mrchem/build/_deps/mrcpp_sources-src/src/trees/NodeAllocator.cpp: appendChunk(), line 195: Shared block too small
Error: /cluster/projects/nn14654k/ylvaos/mrchem/build/_deps/mrcpp_sources-src/src/trees/NodeAllocator.cpp: appendChunk(), line 195: Shared block too small
Error: /cluster/projects/nn14654k/ylvaos/mrchem/build/_deps/mrcpp_sources-src/src/trees/NodeAllocator.cpp: appendChunk(), line 195: Shared block too small
Error: /cluster/projects/nn14654k/ylvaos/mrchem/build/_deps/mrcpp_sources-src/src/trees/NodeAllocator.cpp: appendChunk(), line 195: Shared block too small
Error: /cluster/projects/nn14654k/ylvaos/mrchem/build/_deps/mrcpp_sources-src/src/trees/NodeAllocator.cpp: appendChunk(), line 195: Shared block too small
Error: /cluster/projects/nn14654k/ylvaos/mrchem/build/_deps/mrcpp_sources-src/src/trees/NodeAllocator.cpp: appendChunk(), line 195: Shared block too small
Error: /cluster/projects/nn14654k/ylvaos/mrchem/build/_deps/mrcpp_sources-src/src/trees/NodeAllocator.cpp: appendChunk(), line 195: Shared block too small
Error: /cluster/projects/nn14654k/ylvaos/mrchem/build/_deps/mrcpp_sources-src/src/trees/NodeAllocator.cpp: appendChunk(), line 195: Shared block too small
Error: /cluster/projects/nn14654k/ylvaos/mrchem/build/_deps/mrcpp_sources-src/src/trees/NodeAllocator.cpp: appendChunk(), line 195: Shared block too small
Error: /cluster/projects/nn14654k/ylvaos/mrchem/build/_deps/mrcpp_sources-src/src/trees/NodeAllocator.cpp: appendChunk(), line 195: Shared block too small
Error: /cluster/projects/nn14654k/ylvaos/mrchem/build/_deps/mrcpp_sources-src/src/trees/NodeAllocator.cpp: appendChunk(), line 195: Shared block too small
Error: /cluster/projects/nn14654k/ylvaos/mrchem/build/_deps/mrcpp_sources-src/src/trees/NodeAllocator.cpp: appendChunk(), line 195: Shared block too small
Error: /cluster/projects/nn14654k/ylvaos/mrchem/build/_deps/mrcpp_sources-src/src/trees/NodeAllocator.cpp: appendChunk(), line 195: Shared block too small
Error: /cluster/projects/nn14654k/ylvaos/mrchem/build/_deps/mrcpp_sources-src/src/trees/NodeAllocator.cpp: appendChunk(), line 195: Shared block too small
Error: /cluster/projects/nn14654k/ylvaos/mrchem/build/_deps/mrcpp_sources-src/src/trees/NodeAllocator.cpp: appendChunk(), line 195: Shared block too small
