Warning: recommended number of threads is 42
setting number of threads to omp_threads, 32
                                                                           
                                                                           
***************************************************************************
***                                                                     ***
***                                                                     ***
***          __  __ ____   ____ _                                       ***
***         |  \/  |  _ \ / ___| |__   ___ _ __ ___                     ***
***         | |\/| | |_) | |   | '_ \ / _ \ '_ ` _ \                    ***
***         | |  | |  _ <| |___| | | |  __/ | | | | |                   ***
***         |_|  |_|_| \_\\____|_| |_|\___|_| |_| |_|                   ***
***                                                                     ***
***         VERSION            1.2.0-alpha                              ***
***                                                                     ***
***         Git branch         master                                   ***
***         Git commit hash    d6a1a67ced60ba46a7d9-dirty               ***
***         Git commit author  Niklas Göllmann                         ***
***         Git commit date    Wed Jun 24 12:36:55 2026 +0200           ***
***                                                                     ***
***         Contact: luca.frediani@uit.no                               ***
***                                                                     ***
***         Radovan Bast            Magnar Bjorgve                      ***
***         Roberto Di Remigio      Antoine Durdek                      ***
***         Luca Frediani           Gabriel Gerez                       ***
***         Stig Rune Jensen        Jonas Juselius                      ***
***         Rune Monstad            Peter Wind                          ***
***                                                                     ***
***************************************************************************

---------------------------------------------------------------------------

 MPI processes           :       (16 bank)                              64
 OpenMP threads          :                                              32
 Total cores             :                                            1552
                                                                           
---------------------------------------------------------------------------


---------------------------------------------------------------------------

 MRCPP version         : 1.6.0-alpha
 Git branch            : HEAD
 Git commit hash       : 77187f0e2a0707410329
 Git commit author     : Valentyn113
 Git commit date       : Tue Jun 9 15:08:36 2026 +0200

 Linear algebra        : EIGEN v3.4.0
 Parallelization       : MPI/OpenMP (32 threads)

---------------------------------------------------------------------------


                                                                           
===========================================================================
                         MultiResolution Analysis
---------------------------------------------------------------------------
 polynomial order      : 7
 polynomial type       : Interpolating
---------------------------------------------------------------------------
 total boxes           : 8
 boxes                 : [          2           2           2 ]
 unit lengths          : [   64.00000    64.00000    64.00000 ]
 scaling factor        : [    1.00000     1.00000     1.00000 ]
 lower bounds          : [  -64.00000   -64.00000   -64.00000 ]
 upper bounds          : [   64.00000    64.00000    64.00000 ]
 total length          : [  128.00000   128.00000   128.00000 ]
===========================================================================


                                                                           
***************************************************************************
***                                                                     ***
***                        Initializing Molecule                        ***
***                                                                     ***
***************************************************************************
                                                                           
                                                                           
===========================================================================
                                 Molecule
---------------------------------------------------------------------------
 Charge                  :                                               0
 Multiplicity            :                                               1
---------------------------------------------------------------------------
    N    Atom            :               x               y               z
---------------------------------------------------------------------------
    0       P            :       -4.220424        2.392968       -0.273646
    1       C            :       -5.997132        1.375505       -3.083194
    2       C            :       -8.092483        2.659179       -4.063771
    3       C            :       -5.169025       -0.834901       -4.289112
    4       C            :       -9.343704        1.738635       -6.198136
    5       H            :       -8.757748        4.390254       -3.154624
    6       C            :       -6.430995       -1.768314       -6.405636
    7       H            :       -3.514008       -1.836621       -3.554250
    8       C            :       -8.522895       -0.477557       -7.367966
    9       H            :      -10.976477        2.761436       -6.947971
   10       H            :       -5.768651       -3.500270       -7.319442
   11       H            :       -9.507506       -1.196232       -9.037525
   12       C            :       -5.787446        0.548074        2.221515
   13       C            :       -4.635564        0.540707        4.608603
   14       C            :       -8.026494       -0.818870        1.877333
   15       C            :       -5.717572       -0.770032        6.622373
   16       H            :       -2.868161        1.579977        4.889100
   17       C            :       -9.099373       -2.151901        3.887283
   18       H            :       -8.944084       -0.842852        0.027115
   19       C            :       -7.954314       -2.124709        6.262688
   20       H            :       -4.802206       -0.749613        8.475761
   21       H            :      -10.847395       -3.215905        3.592963
   22       H            :       -8.799626       -3.167861        7.834532
   23       C            :       -5.568806        5.550378        0.271583
   24       C            :       -7.589183        6.043257        1.907106
   25       C            :       -4.476557        7.565572       -1.059437
   26       C            :       -8.508681        8.501432        2.190418
   27       H            :       -8.456367        4.497513        2.967505
   28       C            :       -5.408210       10.016325       -0.795943
   29       H            :       -2.876263        7.204099       -2.320760
   30       C            :       -7.428087       10.489547        0.836289
   31       H            :      -10.086072        8.862260        3.477260
   32       H            :       -4.543014       11.566850       -1.854570
   33       H            :       -8.153305       12.412510        1.059156
---------------------------------------------------------------------------
 Center of mass          :       -6.584018        2.541787       -0.157538
===========================================================================


                                                                           
                                                                           
***************************************************************************
***                                                                     ***
***                           XC Functional                             ***
***                                                                     ***
***************************************************************************

Using Libxc (version 7.0.0) to evaluate density functionals. Libxc is free
software. It is distributed under the Mozilla Public License, version 2.0.
For more information, please check the Libxc manual. You should cite

S. Lehtola, C. Steigemann, M. J.T. Oliveira, and M. A.L. Marques., 
SoftwareX 7, 1–5 (2018) DOI: 10.1016/j.softx.2017.11.002

when reporting the results of your calculation in a scientific article.

Libxc functionals used in this calculation:
  - gga_x_b88 (ID 106): Becke 88
     * A. D. Becke.,  Phys. Rev. A 38, 3098 (1988),
       DOI:10.1103/PhysRevA.38.3098
  - gga_c_p86_ft (ID 217): Perdew 86 with more accurate value for ftilde
     * J. P. Perdew.,  Phys. Rev. B 33, 8822 (1986),
       DOI:10.1103/PhysRevB.33.8822
                                                                           
***************************************************************************
***                                                                     ***
***                Computing Initial Guess Wavefunction                 ***
***                                                                     ***
***************************************************************************
                                                                           
                                                                           
~~~~~~~~~~~~~~~~~~~~~~~~~~~~~~~~~~~~~~~~~~~~~~~~~~~~~~~~~~~~~~~~~~~~~~~~~~~
 Calculation             : Compute initial orbitals
 Method                  : Project GTO molecular orbitals
 Precision               : 1.00000e-06
 Screening               : 1.20000e+01 StdDev
 Restricted              : True
 MO file                 : ../initial_guess/opt1_x2csvp/TPhP/mrchem.mop
~~~~~~~~~~~~~~~~~~~~~~~~~~~~~~~~~~~~~~~~~~~~~~~~~~~~~~~~~~~~~~~~~~~~~~~~~~~


===========================================================================
                            Molecular Orbitals
---------------------------------------------------------------------------
 Alpha electrons         :                                          69.000
 Beta electrons          :                                          69.000
 Total electrons         :                                         138.000
---------------------------------------------------------------------------
    n     Occ Spin       :                                            Norm
---------------------------------------------------------------------------
    0    2.00    p       :                              9.999999274482e-01
    1    2.00    p       :                              9.999999288350e-01
    2    2.00    p       :                              9.999999392509e-01
    3    2.00    p       :                              9.999999257841e-01
    4    2.00    p       :                              9.999999162489e-01
    5    2.00    p       :                              9.999999105210e-01
    6    2.00    p       :                              9.999999257536e-01
    7    2.00    p       :                              9.999999246248e-01
    8    2.00    p       :                              9.999999225101e-01
    9    2.00    p       :                              9.999999147783e-01
   10    2.00    p       :                              9.999999337923e-01
   11    2.00    p       :                              9.999999319340e-01
   12    2.00    p       :                              9.999999328355e-01
   13    2.00    p       :                              9.999999312125e-01
   14    2.00    p       :                              9.999999280775e-01
   15    2.00    p       :                              9.999999297321e-01
   16    2.00    p       :                              9.999999196554e-01
   17    2.00    p       :                              9.999999272424e-01
   18    2.00    p       :                              9.999999257567e-01
   19    2.00    p       :                              1.000000151696e+00
   20    2.00    p       :                              9.999995923878e-01
   21    2.00    p       :                              9.999995652543e-01
   22    2.00    p       :                              9.999995786806e-01
   23    2.00    p       :                              1.000000019778e+00
   24    2.00    p       :                              1.000000143028e+00
   25    2.00    p       :                              9.999993815238e-01
   26    2.00    p       :                              9.999992816449e-01
   27    2.00    p       :                              9.999997886633e-01
   28    2.00    p       :                              9.999997572038e-01
   29    2.00    p       :                              9.999997254786e-01
   30    2.00    p       :                              9.999994283099e-01
   31    2.00    p       :                              9.999993692026e-01
   32    2.00    p       :                              9.999997014458e-01
   33    2.00    p       :                              9.999994202817e-01
   34    2.00    p       :                              9.999993593536e-01
   35    2.00    p       :                              9.999997345848e-01
   36    2.00    p       :                              9.999997394559e-01
   37    2.00    p       :                              9.999997633279e-01
   38    2.00    p       :                              9.999997811832e-01
   39    2.00    p       :                              1.000000130327e+00
   40    2.00    p       :                              9.999998443526e-01
   41    2.00    p       :                              9.999995373692e-01
   42    2.00    p       :                              9.999994431571e-01
   43    2.00    p       :                              9.999994235634e-01
   44    2.00    p       :                              9.999995215965e-01
   45    2.00    p       :                              9.999997081990e-01
   46    2.00    p       :                              9.999997758615e-01
   47    2.00    p       :                              9.999996700405e-01
   48    2.00    p       :                              9.999998082585e-01
   49    2.00    p       :                              9.999994132263e-01
   50    2.00    p       :                              9.999994318434e-01
   51    2.00    p       :                              9.999996808388e-01
   52    2.00    p       :                              9.999997053306e-01
   53    2.00    p       :                              9.999997164153e-01
   54    2.00    p       :                              1.000000185670e+00
   55    2.00    p       :                              9.999994172869e-01
   56    2.00    p       :                              9.999994542845e-01
   57    2.00    p       :                              9.999997575949e-01
   58    2.00    p       :                              9.999998188211e-01
   59    2.00    p       :                              9.999997384215e-01
   60    2.00    p       :                              9.999995072091e-01
   61    2.00    p       :                              9.999995381963e-01
   62    2.00    p       :                              9.999997348226e-01
   63    2.00    p       :                              9.999993750795e-01
   64    2.00    p       :                              9.999994272452e-01
   65    2.00    p       :                              9.999997653412e-01
   66    2.00    p       :                              9.999997354054e-01
   67    2.00    p       :                              9.999997359147e-01
   68    2.00    p       :                              9.999995692833e-01
===========================================================================


~~~~~~~~~~~~~~~~~~~~~~~~~~~~~~~~~~~~~~~~~~~~~~~~~~~~~~~~~~~~~~~~~~~~~~~~~~~
 Calculation             : Compute initial energy
 Method                  : DFT
 XC Library              : LibXC
 Relativity              : AZORA
 Environment             : None
 External fields         : None
 Precision               : 1.00000e-06
 Density cutoff          : 0.00000e+00
 Localization            : On
~~~~~~~~~~~~~~~~~~~~~~~~~~~~~~~~~~~~~~~~~~~~~~~~~~~~~~~~~~~~~~~~~~~~~~~~~~~


===========================================================================
                        Molecular Energy (initial)
---------------------------------------------------------------------------
 Kinetic energy          :            (au)               1031.798359726452
 E-N energy              :            (au)              -5248.517079372048
 Coulomb energy          :            (au)               1893.742587081996
 Exchange energy         :            (au)                  0.000000000000
 X-C energy              :            (au)               -126.516160243006
 N-N energy              :            (au)               1412.029183448351
 Non-local pp energy     :            (au)                  0.000000000000
---------------------------------------------------------------------------
 Electronic energy       :            (au)              -2449.492292806605
 Nuclear energy          :            (au)               1412.029183448351
---------------------------------------------------------------------------
 Total energy            :            (au)             -1.037463109358e+03
                         :      (kcal/mol)             -6.510179301132e+05
                         :        (kJ/mol)             -2.723859019594e+06
                         :            (eV)             -2.823080938471e+04
===========================================================================


===========================================================================
                        Orbital Energies (initial)
---------------------------------------------------------------------------
    n     Occ Spin       :                                         Epsilon
---------------------------------------------------------------------------
    0    2.00    p       :            (au)                -76.777927546930
    1    2.00    p       :            (au)                 -9.932920011383
    2    2.00    p       :            (au)                 -9.932908587999
    3    2.00    p       :            (au)                 -9.932834421685
    4    2.00    p       :            (au)                 -9.930730319940
    5    2.00    p       :            (au)                 -9.930719828706
    6    2.00    p       :            (au)                 -9.930691022475
    7    2.00    p       :            (au)                 -9.930246869675
    8    2.00    p       :            (au)                 -9.930229957712
    9    2.00    p       :            (au)                 -9.930191331430
   10    2.00    p       :            (au)                 -9.929945145092
   11    2.00    p       :            (au)                 -9.929936001276
   12    2.00    p       :            (au)                 -9.929906261669
   13    2.00    p       :            (au)                 -9.929633192711
   14    2.00    p       :            (au)                 -9.929616777722
   15    2.00    p       :            (au)                 -9.929583625790
   16    2.00    p       :            (au)                 -9.928987512893
   17    2.00    p       :            (au)                 -9.928965639744
   18    2.00    p       :            (au)                 -9.928927986152
   19    2.00    p       :            (au)                 -6.352714568438
   20    2.00    p       :            (au)                 -4.544397688637
   21    2.00    p       :            (au)                 -4.544396120193
   22    2.00    p       :            (au)                 -4.538713945312
   23    2.00    p       :            (au)                 -0.783631018014
   24    2.00    p       :            (au)                 -0.775190072651
   25    2.00    p       :            (au)                 -0.775160030480
   26    2.00    p       :            (au)                 -0.701500564590
   27    2.00    p       :            (au)                 -0.674595737697
   28    2.00    p       :            (au)                 -0.674581952169
   29    2.00    p       :            (au)                 -0.673042433619
   30    2.00    p       :            (au)                 -0.668806932110
   31    2.00    p       :            (au)                 -0.668796498506
   32    2.00    p       :            (au)                 -0.588980431745
   33    2.00    p       :            (au)                 -0.546796765181
   34    2.00    p       :            (au)                 -0.546775988800
   35    2.00    p       :            (au)                 -0.544972280877
   36    2.00    p       :            (au)                 -0.534758571179
   37    2.00    p       :            (au)                 -0.534753219104
   38    2.00    p       :            (au)                 -0.503774982733
   39    2.00    p       :            (au)                 -0.468727007788
   40    2.00    p       :            (au)                 -0.468706604236
   41    2.00    p       :            (au)                 -0.444464318580
   42    2.00    p       :            (au)                 -0.410855088812
   43    2.00    p       :            (au)                 -0.410840497683
   44    2.00    p       :            (au)                 -0.409937779272
   45    2.00    p       :            (au)                 -0.400291901831
   46    2.00    p       :            (au)                 -0.400283671444
   47    2.00    p       :            (au)                 -0.393619559089
   48    2.00    p       :            (au)                 -0.378092498206
   49    2.00    p       :            (au)                 -0.377469275984
   50    2.00    p       :            (au)                 -0.377446862644
   51    2.00    p       :            (au)                 -0.366561412289
   52    2.00    p       :            (au)                 -0.366524935226
   53    2.00    p       :            (au)                 -0.336980435766
   54    2.00    p       :            (au)                 -0.333870049814
   55    2.00    p       :            (au)                 -0.333832881787
   56    2.00    p       :            (au)                 -0.325053967807
   57    2.00    p       :            (au)                 -0.305942108565
   58    2.00    p       :            (au)                 -0.305921313072
   59    2.00    p       :            (au)                 -0.305206140569
   60    2.00    p       :            (au)                 -0.287746873981
   61    2.00    p       :            (au)                 -0.287729528329
   62    2.00    p       :            (au)                 -0.251786730980
   63    2.00    p       :            (au)                 -0.239032838859
   64    2.00    p       :            (au)                 -0.238670158122
   65    2.00    p       :            (au)                 -0.238618549977
   66    2.00    p       :            (au)                 -0.231759090573
   67    2.00    p       :            (au)                 -0.231749183775
   68    2.00    p       :            (au)                 -0.194043068302
---------------------------------------------------------------------------
 Sum occupied            :            (au)               -591.646012352768
===========================================================================


                                                                           
***************************************************************************
***                                                                     ***
***                 Computing Ground State Wavefunction                 ***
***                                                                     ***
***************************************************************************
                                                                           
                                                                           
~~~~~~~~~~~~~~~~~~~~~~~~~~~~~~~~~~~~~~~~~~~~~~~~~~~~~~~~~~~~~~~~~~~~~~~~~~~
 Calculation             : Optimize ground state orbitals
 Method                  : DFT
 XC library              : LibXC
 Relativity              : AZORA
 Environment             : None
 External fields         : None
 Checkpointing           : Off
 Max iterations          : 100
 KAIN solver             : 3
 Localization            : First two iterations
 Diagonalization         : Off
 Start precision         : 1.00000e-06
 Final precision         : 1.00000e-06
 Helmholtz precision     : Dynamic
 Energy threshold        : 1.00000e-04
 Orbital threshold       : 1.00000e-03
~~~~~~~~~~~~~~~~~~~~~~~~~~~~~~~~~~~~~~~~~~~~~~~~~~~~~~~~~~~~~~~~~~~~~~~~~~~


===========================================================================
 Iter           MO residual             Total energy                Update
---------------------------------------------------------------------------
    0          8.306624e+00       -1037.463109358254         -1.037463e+03
    1          1.569653e-01       -1038.370950765673         -9.078414e-01
    2          4.685082e-02       -1038.426813735345         -5.586297e-02
    3          1.895143e-02       -1038.434517499189         -7.703764e-03
    4          1.350733e-02       -1038.436313472085         -1.795973e-03
    5          6.383365e-03       -1038.436544104129         -2.306320e-04
    6          3.006869e-03       -1038.436608474143         -6.437001e-05
    7          2.973845e-03       -1038.436624522647         -1.604850e-05
    8          1.559645e-03       -1038.436645699362         -2.117671e-05
---------------------------------------------------------------------------
                      SCF converged in 8 iterations!
===========================================================================


                                                                           
***************************************************************************
***                                                                     ***
***                    Printing Molecular Properties                    ***
***                                                                     ***
***************************************************************************
                                                                           
                                                                           
===========================================================================
                                 Molecule
---------------------------------------------------------------------------
 Charge                  :                                               0
 Multiplicity            :                                               1
---------------------------------------------------------------------------
    N    Atom            :               x               y               z
---------------------------------------------------------------------------
    0       P            :       -4.220424        2.392968       -0.273646
    1       C            :       -5.997132        1.375505       -3.083194
    2       C            :       -8.092483        2.659179       -4.063771
    3       C            :       -5.169025       -0.834901       -4.289112
    4       C            :       -9.343704        1.738635       -6.198136
    5       H            :       -8.757748        4.390254       -3.154624
    6       C            :       -6.430995       -1.768314       -6.405636
    7       H            :       -3.514008       -1.836621       -3.554250
    8       C            :       -8.522895       -0.477557       -7.367966
    9       H            :      -10.976477        2.761436       -6.947971
   10       H            :       -5.768651       -3.500270       -7.319442
   11       H            :       -9.507506       -1.196232       -9.037525
   12       C            :       -5.787446        0.548074        2.221515
   13       C            :       -4.635564        0.540707        4.608603
   14       C            :       -8.026494       -0.818870        1.877333
   15       C            :       -5.717572       -0.770032        6.622373
   16       H            :       -2.868161        1.579977        4.889100
   17       C            :       -9.099373       -2.151901        3.887283
   18       H            :       -8.944084       -0.842852        0.027115
   19       C            :       -7.954314       -2.124709        6.262688
   20       H            :       -4.802206       -0.749613        8.475761
   21       H            :      -10.847395       -3.215905        3.592963
   22       H            :       -8.799626       -3.167861        7.834532
   23       C            :       -5.568806        5.550378        0.271583
   24       C            :       -7.589183        6.043257        1.907106
   25       C            :       -4.476557        7.565572       -1.059437
   26       C            :       -8.508681        8.501432        2.190418
   27       H            :       -8.456367        4.497513        2.967505
   28       C            :       -5.408210       10.016325       -0.795943
   29       H            :       -2.876263        7.204099       -2.320760
   30       C            :       -7.428087       10.489547        0.836289
   31       H            :      -10.086072        8.862260        3.477260
   32       H            :       -4.543014       11.566850       -1.854570
   33       H            :       -8.153305       12.412510        1.059156
---------------------------------------------------------------------------
 Center of mass          :       -6.584018        2.541787       -0.157538
===========================================================================


===========================================================================
                         Molecular Energy (final)
---------------------------------------------------------------------------
 Kinetic energy          :            (au)               1036.808278053143
 E-N energy              :            (au)              -5255.438185161122
 Coulomb energy          :            (au)               1894.943757009989
 Exchange energy         :            (au)                  0.000000000000
 X-C energy              :            (au)               -126.779679049723
 N-N energy              :            (au)               1412.029183448351
 Non-local pp energy     :            (au)                  0.000000000000
---------------------------------------------------------------------------
 Electronic energy       :            (au)              -2450.465829147713
 Nuclear energy          :            (au)               1412.029183448351
---------------------------------------------------------------------------
 Total energy            :            (au)             -1.038436645699e+03
                         :      (kcal/mol)             -6.516288333906e+05
                         :        (kJ/mol)             -2.726415038906e+06
                         :            (eV)             -2.825730065811e+04
===========================================================================


===========================================================================
                         Orbital Energies (final)
---------------------------------------------------------------------------
    n     Occ Spin       :                                         Epsilon
---------------------------------------------------------------------------
    0    2.00    p       :            (au)                -76.772119069644
    1    2.00    p       :            (au)                 -9.923641327970
    2    2.00    p       :            (au)                 -9.923641028647
    3    2.00    p       :            (au)                 -9.923630198352
    4    2.00    p       :            (au)                 -9.918663198246
    5    2.00    p       :            (au)                 -9.918651118767
    6    2.00    p       :            (au)                 -9.918634309062
    7    2.00    p       :            (au)                 -9.918293279360
    8    2.00    p       :            (au)                 -9.918271295964
    9    2.00    p       :            (au)                 -9.918244072016
   10    2.00    p       :            (au)                 -9.917851830702
   11    2.00    p       :            (au)                 -9.917837697565
   12    2.00    p       :            (au)                 -9.917816817603
   13    2.00    p       :            (au)                 -9.917563960324
   14    2.00    p       :            (au)                 -9.917543194621
   15    2.00    p       :            (au)                 -9.917516192873
   16    2.00    p       :            (au)                 -9.916834859168
   17    2.00    p       :            (au)                 -9.916809692690
   18    2.00    p       :            (au)                 -9.916777522962
   19    2.00    p       :            (au)                 -6.340454399266
   20    2.00    p       :            (au)                 -4.521349503206
   21    2.00    p       :            (au)                 -4.521348600459
   22    2.00    p       :            (au)                 -4.516470355074
   23    2.00    p       :            (au)                 -0.792094680551
   24    2.00    p       :            (au)                 -0.784195244803
   25    2.00    p       :            (au)                 -0.784167929512
   26    2.00    p       :            (au)                 -0.708453075990
   27    2.00    p       :            (au)                 -0.684052130138
   28    2.00    p       :            (au)                 -0.684042010312
   29    2.00    p       :            (au)                 -0.682708264283
   30    2.00    p       :            (au)                 -0.678253081538
   31    2.00    p       :            (au)                 -0.678241725679
   32    2.00    p       :            (au)                 -0.593643648294
   33    2.00    p       :            (au)                 -0.553859273406
   34    2.00    p       :            (au)                 -0.553839389075
   35    2.00    p       :            (au)                 -0.552212412222
   36    2.00    p       :            (au)                 -0.542003420053
   37    2.00    p       :            (au)                 -0.541999180844
   38    2.00    p       :            (au)                 -0.508516670090
   39    2.00    p       :            (au)                 -0.472190386732
   40    2.00    p       :            (au)                 -0.472171755308
   41    2.00    p       :            (au)                 -0.448905285598
   42    2.00    p       :            (au)                 -0.413876917382
   43    2.00    p       :            (au)                 -0.413858768304
   44    2.00    p       :            (au)                 -0.411964495658
   45    2.00    p       :            (au)                 -0.405294655389
   46    2.00    p       :            (au)                 -0.405289441375
   47    2.00    p       :            (au)                 -0.398234145580
   48    2.00    p       :            (au)                 -0.380895071435
   49    2.00    p       :            (au)                 -0.380258983348
   50    2.00    p       :            (au)                 -0.380239379565
   51    2.00    p       :            (au)                 -0.368604060611
   52    2.00    p       :            (au)                 -0.368568510128
   53    2.00    p       :            (au)                 -0.340099169468
   54    2.00    p       :            (au)                 -0.337015730660
   55    2.00    p       :            (au)                 -0.336979100599
   56    2.00    p       :            (au)                 -0.327693296937
   57    2.00    p       :            (au)                 -0.308276691783
   58    2.00    p       :            (au)                 -0.308258037154
   59    2.00    p       :            (au)                 -0.307567260569
   60    2.00    p       :            (au)                 -0.288956971950
   61    2.00    p       :            (au)                 -0.288937839261
   62    2.00    p       :            (au)                 -0.254485014618
   63    2.00    p       :            (au)                 -0.242798463608
   64    2.00    p       :            (au)                 -0.242016034218
   65    2.00    p       :            (au)                 -0.241965320992
   66    2.00    p       :            (au)                 -0.235054696208
   67    2.00    p       :            (au)                 -0.235047292862
   68    2.00    p       :            (au)                 -0.197269527909
---------------------------------------------------------------------------
 Sum occupied            :            (au)               -591.490035933081
===========================================================================


===========================================================================
                             Orbital Positions
---------------------------------------------------------------------------
  Index       Occ        :               x               y               z
---------------------------------------------------------------------------
      0      2.00        :       -4.220466        2.392971       -0.273644
      1      2.00        :       -5.787379        0.548131        2.221414
      2      2.00        :       -5.997056        1.375554       -3.083096
      3      2.00        :       -5.568745        5.550259        0.271575
      4      2.00        :       -4.635570        0.540723        4.608584
      5      2.00        :       -4.476565        7.565547       -1.059441
      6      2.00        :       -5.169029       -0.834892       -4.289088
      7      2.00        :       -7.954318       -2.124719        6.262693
      8      2.00        :       -7.428090       10.489557        0.836295
      9      2.00        :       -8.522900       -0.477557       -7.367977
     10      2.00        :       -5.717566       -0.770027        6.622375
     11      2.00        :       -5.408205       10.016324       -0.795948
     12      2.00        :       -6.430990       -1.768319       -6.405633
     13      2.00        :       -9.099379       -2.151902        3.887291
     14      2.00        :       -8.508687        8.501439        2.190416
     15      2.00        :       -9.343711        1.738630       -6.198141
     16      2.00        :       -8.026448       -0.818858        1.877335
     17      2.00        :       -7.589140        6.043250        1.907090
     18      2.00        :       -8.092439        2.659166       -4.063762
     19      2.00        :       -4.320687        2.268758       -0.462218
     20      2.00        :       -3.977864        2.377710       -0.285711
     21      2.00        :       -4.299011        2.295773       -0.060534
     22      2.00        :       -4.289196        2.629951       -0.285873
     23      2.00        :       -3.207365        2.329239       -0.323920
     24      2.00        :       -5.276878        1.863761       -1.859110
     25      2.00        :       -7.352513        1.543107       -3.396675
     26      2.00        :       -6.678715        2.124317       -4.012289
     27      2.00        :       -5.558692        0.276362       -3.647104
     28      2.00        :       -8.722801        2.215702       -5.131175
     29      2.00        :       -8.536176        3.805192       -3.463734
     30      2.00        :       -6.298269       -1.407563       -5.030734
     31      2.00        :       -5.657654       -0.815472       -5.667719
     32      2.00        :       -4.067837       -1.498524       -3.791094
     33      2.00        :       -9.084484        0.351424       -6.272682
     34      2.00        :       -8.435538        0.930869       -6.905641
     35      2.00        :       -7.482725       -1.147832       -6.906318
     36      2.00        :      -10.434292        2.424486       -6.694467
     37      2.00        :       -5.991140       -2.924035       -7.017224
     38      2.00        :       -9.177983       -0.961056       -8.484279
     39      2.00        :       -5.164081        1.332364        1.102701
     40      2.00        :       -5.188972        0.573970        3.387456
     41      2.00        :       -7.147148        0.268550        2.409891
     42      2.00        :       -6.551878       -0.589421        2.126714
     43      2.00        :       -5.660327        0.239967        5.615357
     44      2.00        :       -5.099219       -0.640072        5.337539
     45      2.00        :       -3.460205        1.238635        4.788375
     46      2.00        :       -8.570042       -1.493557        2.868573
     47      2.00        :       -8.637250       -0.836118        0.653818
     48      2.00        :       -6.837834       -1.451765        6.474321
     49      2.00        :       -8.074523       -2.419899        4.811880
     50      2.00        :       -8.645643       -1.549112        5.081895
     51      2.00        :       -5.108831       -0.757888        7.860273
     52      2.00        :      -10.267379       -2.859971        3.686159
     53      2.00        :       -8.515880       -2.820921        7.315781
     54      2.00        :       -5.036933        4.159871        0.074149
     55      2.00        :       -6.166336        6.070524        1.394176
     56      2.00        :       -6.880433        5.921682        0.595031
     57      2.00        :       -5.003857        6.518168       -0.408506
     58      2.00        :       -8.054475        7.264861        2.063551
     59      2.00        :       -8.166304        5.021969        2.610072
     60      2.00        :       -5.470372        8.639726       -1.168871
     61      2.00        :       -4.787128        8.806025       -0.349006
     62      2.00        :       -3.413118        7.315892       -1.900695
     63      2.00        :       -7.476047        9.383989        1.826710
     64      2.00        :       -8.167706        9.215993        1.019954
     65      2.00        :       -6.420069       10.282789        0.008371
     66      2.00        :       -9.562980        8.737240        3.050018
     67      2.00        :       -4.832759       11.052808       -1.501410
     68      2.00        :       -7.909613       11.776323        0.982683
===========================================================================


===========================================================================
                           Dipole Moment (dip-1)
---------------------------------------------------------------------------
 r_O                     :        0.000000        0.000000        0.000000
---------------------------------------------------------------------------
 Electronic vector       :      914.207692     -351.120141       21.466405
 Magnitude               :            (au)                      979.551869
                         :         (Debye)                     2489.772509
---------------------------------------------------------------------------
 Nuclear vector          :     -914.746371      351.154032      -21.438471
 Magnitude               :            (au)                      980.066164
                         :         (Debye)                     2491.079717
---------------------------------------------------------------------------
 Total vector            :       -0.538679        0.033891        0.027934
 Magnitude               :            (au)                        0.540467
                         :         (Debye)                        1.373729
===========================================================================


                                                                           
                                                                           
***************************************************************************
***                                                                     ***
***                            Exiting MRChem                           ***
***                                                                     ***
***                       Wall time :  0h  8m 49s                       ***
***                                                                     ***
***************************************************************************
                                                                           
                                                                           
