                                                                           
                                                                           
***************************************************************************
***                                                                     ***
***                                                                     ***
***          __  __ ____   ____ _                                       ***
***         |  \/  |  _ \ / ___| |__   ___ _ __ ___                     ***
***         | |\/| | |_) | |   | '_ \ / _ \ '_ ` _ \                    ***
***         | |  | |  _ <| |___| | | |  __/ | | | | |                   ***
***         |_|  |_|_| \_\\____|_| |_|\___|_| |_| |_|                   ***
***                                                                     ***
***         VERSION            1.2.0-alpha                              ***
***                                                                     ***
***         Git branch         master                                   ***
***         Git commit hash    d6a1a67ced60ba46a7d9-dirty               ***
***         Git commit author  Niklas Göllmann                         ***
***         Git commit date    Wed Jun 24 12:36:55 2026 +0200           ***
***                                                                     ***
***         Contact: luca.frediani@uit.no                               ***
***                                                                     ***
***         Radovan Bast            Magnar Bjorgve                      ***
***         Roberto Di Remigio      Antoine Durdek                      ***
***         Luca Frediani           Gabriel Gerez                       ***
***         Stig Rune Jensen        Jonas Juselius                      ***
***         Rune Monstad            Peter Wind                          ***
***                                                                     ***
***************************************************************************

---------------------------------------------------------------------------

 MPI processes           :       (16 bank)                              48
 OpenMP threads          :                                              31
 Total cores             :                                            1008
                                                                           
---------------------------------------------------------------------------


---------------------------------------------------------------------------

 MRCPP version         : 1.6.0-alpha
 Git branch            : HEAD
 Git commit hash       : 77187f0e2a0707410329
 Git commit author     : Valentyn113
 Git commit date       : Tue Jun 9 15:08:36 2026 +0200

 Linear algebra        : EIGEN v3.4.0
 Parallelization       : MPI/OpenMP (31 threads)

---------------------------------------------------------------------------


                                                                           
===========================================================================
                         MultiResolution Analysis
---------------------------------------------------------------------------
 polynomial order      : 7
 polynomial type       : Interpolating
---------------------------------------------------------------------------
 total boxes           : 8
 boxes                 : [          2           2           2 ]
 unit lengths          : [  128.00000   128.00000   128.00000 ]
 scaling factor        : [    1.00000     1.00000     1.00000 ]
 lower bounds          : [ -128.00000  -128.00000  -128.00000 ]
 upper bounds          : [  128.00000   128.00000   128.00000 ]
 total length          : [  256.00000   256.00000   256.00000 ]
===========================================================================


                                                                           
***************************************************************************
***                                                                     ***
***                        Initializing Molecule                        ***
***                                                                     ***
***************************************************************************
                                                                           
                                                                           
===========================================================================
                                 Molecule
---------------------------------------------------------------------------
 Charge                  :                                               0
 Multiplicity            :                                               1
---------------------------------------------------------------------------
    N    Atom            :               x               y               z
---------------------------------------------------------------------------
    0      Ru            :       -0.017590       -0.694279       -0.094878
    1       P            :       -4.321067       -0.196467       -0.123452
    2       P            :        4.288858       -0.222544       -0.034788
    3       H            :       -0.021347       -3.631856       -1.521779
    4       H            :        0.015362       -2.453284       -2.766425
    5       H            :        0.009423        1.146673       -2.385023
    6       H            :       -0.030314        1.801565        1.762698
    7       C            :       -5.995265       -0.911616        2.840167
    8       H            :       -5.710532       -2.912238        3.337006
    9       H            :       -5.190364        0.254532        4.362640
   10       H            :       -8.038386       -0.535426        2.693162
   11       C            :       -6.201696       -2.002825       -2.423031
   12       H            :       -5.514869       -1.568773       -4.338120
   13       H            :       -5.923461       -4.037507       -2.090390
   14       H            :       -8.233622       -1.560906       -2.307614
   15       C            :       -5.390174        3.038535       -0.755999
   16       H            :       -4.675423        3.630611       -2.616127
   17       H            :       -7.466625        3.194757       -0.724006
   18       H            :       -4.562171        4.300067        0.672472
   19       C            :        6.204697       -2.036683       -2.298913
   20       H            :        5.904561       -4.070110       -1.977859
   21       H            :        5.561894       -1.592557       -4.226939
   22       H            :        8.236892       -1.609961       -2.139397
   23       C            :        5.897291       -0.953102        2.961308
   24       H            :        5.067912        0.215414        4.468776
   25       H            :        5.590524       -2.952773        3.448751
   26       H            :        7.945207       -0.588867        2.857289
   27       C            :        5.391135        3.006686       -0.639332
   28       H            :        7.467521        3.149241       -0.565846
   29       H            :        4.717341        3.606944       -2.512089
   30       H            :        4.543193        4.270872        0.775030
---------------------------------------------------------------------------
 Center of mass          :       -0.016382       -0.324245       -0.093772
===========================================================================


                                                                           
                                                                           
***************************************************************************
***                                                                     ***
***                           XC Functional                             ***
***                                                                     ***
***************************************************************************

Using Libxc (version 7.0.0) to evaluate density functionals. Libxc is free
software. It is distributed under the Mozilla Public License, version 2.0.
For more information, please check the Libxc manual. You should cite

S. Lehtola, C. Steigemann, M. J.T. Oliveira, and M. A.L. Marques., 
SoftwareX 7, 1–5 (2018) DOI: 10.1016/j.softx.2017.11.002

when reporting the results of your calculation in a scientific article.

Libxc functionals used in this calculation:
  - gga_x_b88 (ID 106): Becke 88
     * A. D. Becke.,  Phys. Rev. A 38, 3098 (1988),
       DOI:10.1103/PhysRevA.38.3098
  - gga_c_p86_ft (ID 217): Perdew 86 with more accurate value for ftilde
     * J. P. Perdew.,  Phys. Rev. B 33, 8822 (1986),
       DOI:10.1103/PhysRevB.33.8822
                                                                           
***************************************************************************
***                                                                     ***
***                Computing Initial Guess Wavefunction                 ***
***                                                                     ***
***************************************************************************
                                                                           
                                                                           
~~~~~~~~~~~~~~~~~~~~~~~~~~~~~~~~~~~~~~~~~~~~~~~~~~~~~~~~~~~~~~~~~~~~~~~~~~~
 Calculation             : Compute initial orbitals
 Method                  : Project GTO molecular orbitals
 Precision               : 1.00000e-06
 Screening               : 1.20000e+01 StdDev
 Restricted              : True
 MO file                 : ../initial_guess/opt1_x2csvp_pme3/15h_pme3/mrchem.mop
~~~~~~~~~~~~~~~~~~~~~~~~~~~~~~~~~~~~~~~~~~~~~~~~~~~~~~~~~~~~~~~~~~~~~~~~~~~


===========================================================================
                            Molecular Orbitals
---------------------------------------------------------------------------
 Alpha electrons         :                                          66.000
 Beta electrons          :                                          66.000
 Total electrons         :                                         132.000
---------------------------------------------------------------------------
    n     Occ Spin       :                                            Norm
---------------------------------------------------------------------------
    0    2.00    p       :                              9.999999099668e-01
    1    2.00    p       :                              9.999997340190e-01
    2    2.00    p       :                              9.999997287615e-01
    3    2.00    p       :                              9.999997271661e-01
    4    2.00    p       :                              1.000000183236e+00
    5    2.00    p       :                              9.999999399592e-01
    6    2.00    p       :                              9.999999330794e-01
    7    2.00    p       :                              1.000000237377e+00
    8    2.00    p       :                              1.000000600593e+00
    9    2.00    p       :                              1.000000538357e+00
   10    2.00    p       :                              1.000000527941e+00
   11    2.00    p       :                              9.999999315120e-01
   12    2.00    p       :                              9.999999273461e-01
   13    2.00    p       :                              9.999999299823e-01
   14    2.00    p       :                              9.999999347734e-01
   15    2.00    p       :                              9.999999228206e-01
   16    2.00    p       :                              9.999999201783e-01
   17    2.00    p       :                              9.999993692778e-01
   18    2.00    p       :                              9.999958436717e-01
   19    2.00    p       :                              9.999994391706e-01
   20    2.00    p       :                              9.999993942869e-01
   21    2.00    p       :                              9.999958039884e-01
   22    2.00    p       :                              1.000000124120e+00
   23    2.00    p       :                              1.000000116758e+00
   24    2.00    p       :                              1.000000670544e+00
   25    2.00    p       :                              1.000000646550e+00
   26    2.00    p       :                              9.999998583885e-01
   27    2.00    p       :                              1.000000403648e+00
   28    2.00    p       :                              9.999998664090e-01
   29    2.00    p       :                              1.000000386767e+00
   30    2.00    p       :                              9.999996717351e-01
   31    2.00    p       :                              9.999996230618e-01
   32    2.00    p       :                              9.999996020234e-01
   33    2.00    p       :                              9.999997107500e-01
   34    2.00    p       :                              9.999995632709e-01
   35    2.00    p       :                              9.999995690096e-01
   36    2.00    p       :                              9.999991842626e-01
   37    2.00    p       :                              9.999988587198e-01
   38    2.00    p       :                              9.999993863935e-01
   39    2.00    p       :                              9.999993340169e-01
   40    2.00    p       :                              9.999993823693e-01
   41    2.00    p       :                              1.000000234320e+00
   42    2.00    p       :                              9.999996840634e-01
   43    2.00    p       :                              9.999995302700e-01
   44    2.00    p       :                              9.999994907884e-01
   45    2.00    p       :                              1.000000251075e+00
   46    2.00    p       :                              9.999995801143e-01
   47    2.00    p       :                              9.999995996829e-01
   48    2.00    p       :                              9.999994427677e-01
   49    2.00    p       :                              1.000000404085e+00
   50    2.00    p       :                              9.999996911688e-01
   51    2.00    p       :                              9.999996100272e-01
   52    2.00    p       :                              9.999995712561e-01
   53    2.00    p       :                              1.000000226820e+00
   54    2.00    p       :                              9.999995780444e-01
   55    2.00    p       :                              9.999995385812e-01
   56    2.00    p       :                              9.999993873701e-01
   57    2.00    p       :                              1.000000271922e+00
   58    2.00    p       :                              9.999996025935e-01
   59    2.00    p       :                              9.999996763791e-01
   60    2.00    p       :                              9.999994723875e-01
   61    2.00    p       :                              1.000000393983e+00
   62    2.00    p       :                              9.999996071838e-01
   63    2.00    p       :                              9.999997030221e-01
   64    2.00    p       :                              9.999995989125e-01
   65    2.00    p       :                              9.999997698521e-01
===========================================================================


~~~~~~~~~~~~~~~~~~~~~~~~~~~~~~~~~~~~~~~~~~~~~~~~~~~~~~~~~~~~~~~~~~~~~~~~~~~
 Calculation             : Compute initial energy
 Method                  : DFT
 XC Library              : LibXC
 Relativity              : None
 Environment             : None
 External fields         : None
 Precision               : 1.00000e-06
 Density cutoff          : 0.00000e+00
 Localization            : On
~~~~~~~~~~~~~~~~~~~~~~~~~~~~~~~~~~~~~~~~~~~~~~~~~~~~~~~~~~~~~~~~~~~~~~~~~~~


===========================================================================
                        Molecular Energy (initial)
---------------------------------------------------------------------------
 Kinetic energy          :            (au)               5936.984716295477
 E-N energy              :            (au)             -15832.408360613048
 Coulomb energy          :            (au)               3537.603938719250
 Exchange energy         :            (au)                  0.000000000000
 X-C energy              :            (au)               -222.387853172714
 N-N energy              :            (au)               1272.691669452662
 Non-local pp energy     :            (au)                  0.000000000000
---------------------------------------------------------------------------
 Electronic energy       :            (au)              -6580.207558771036
 Nuclear energy          :            (au)               1272.691669452662
---------------------------------------------------------------------------
 Total energy            :            (au)             -5.307515889318e+03
                         :      (kcal/mol)             -3.330516504287e+06
                         :        (kJ/mol)             -1.393488105394e+07
                         :            (eV)             -1.444248648710e+05
===========================================================================


===========================================================================
                        Orbital Energies (initial)
---------------------------------------------------------------------------
    n     Occ Spin       :                                         Epsilon
---------------------------------------------------------------------------
    0    2.00    p       :            (au)               -757.261707489768
    1    2.00    p       :            (au)               -105.133257145708
    2    2.00    p       :            (au)               -101.341384530388
    3    2.00    p       :            (au)               -101.341160167422
    4    2.00    p       :            (au)               -101.340886850734
    5    2.00    p       :            (au)                -76.238938424391
    6    2.00    p       :            (au)                -76.238910770754
    7    2.00    p       :            (au)                -18.125497038514
    8    2.00    p       :            (au)                -15.980029590161
    9    2.00    p       :            (au)                -15.978567047742
   10    2.00    p       :            (au)                -15.977081835483
   11    2.00    p       :            (au)                -10.114859498358
   12    2.00    p       :            (au)                -10.113281028492
   13    2.00    p       :            (au)                -10.112329144229
   14    2.00    p       :            (au)                -10.111842529981
   15    2.00    p       :            (au)                -10.110737764885
   16    2.00    p       :            (au)                 -9.906385052803
   17    2.00    p       :            (au)                 -9.906351591016
   18    2.00    p       :            (au)                 -9.904358809613
   19    2.00    p       :            (au)                 -9.904330893025
   20    2.00    p       :            (au)                 -9.901080694083
   21    2.00    p       :            (au)                 -9.901054341950
   22    2.00    p       :            (au)                 -6.301266568106
   23    2.00    p       :            (au)                 -6.301247947652
   24    2.00    p       :            (au)                 -4.531663270320
   25    2.00    p       :            (au)                 -4.531639576321
   26    2.00    p       :            (au)                 -4.531425437032
   27    2.00    p       :            (au)                 -4.531403754862
   28    2.00    p       :            (au)                 -4.527334258630
   29    2.00    p       :            (au)                 -4.527312086330
   30    2.00    p       :            (au)                 -2.325853081344
   31    2.00    p       :            (au)                 -1.607694177784
   32    2.00    p       :            (au)                 -1.602942354453
   33    2.00    p       :            (au)                 -1.602224847172
   34    2.00    p       :            (au)                 -0.690580769053
   35    2.00    p       :            (au)                 -0.689370053339
   36    2.00    p       :            (au)                 -0.616753337625
   37    2.00    p       :            (au)                 -0.616719203448
   38    2.00    p       :            (au)                 -0.613963525282
   39    2.00    p       :            (au)                 -0.613944230104
   40    2.00    p       :            (au)                 -0.483629995360
   41    2.00    p       :            (au)                 -0.476260507785
   42    2.00    p       :            (au)                 -0.405647750732
   43    2.00    p       :            (au)                 -0.390719264826
   44    2.00    p       :            (au)                 -0.390692907567
   45    2.00    p       :            (au)                 -0.380493224590
   46    2.00    p       :            (au)                 -0.380302873907
   47    2.00    p       :            (au)                 -0.379021916146
   48    2.00    p       :            (au)                 -0.378928867816
   49    2.00    p       :            (au)                 -0.356297715914
   50    2.00    p       :            (au)                 -0.355523199995
   51    2.00    p       :            (au)                 -0.354130978814
   52    2.00    p       :            (au)                 -0.354040345408
   53    2.00    p       :            (au)                 -0.338687096124
   54    2.00    p       :            (au)                 -0.338568852115
   55    2.00    p       :            (au)                 -0.295503970617
   56    2.00    p       :            (au)                 -0.294084967301
   57    2.00    p       :            (au)                 -0.293940400876
   58    2.00    p       :            (au)                 -0.292151581314
   59    2.00    p       :            (au)                 -0.283397639579
   60    2.00    p       :            (au)                 -0.265485244632
   61    2.00    p       :            (au)                 -0.214495148642
   62    2.00    p       :            (au)                 -0.212225963264
   63    2.00    p       :            (au)                 -0.190847072494
   64    2.00    p       :            (au)                 -0.181629383728
   65    2.00    p       :            (au)                 -0.173075965197
---------------------------------------------------------------------------
 Sum occupied            :            (au)              -3108.334307106195
===========================================================================


                                                                           
***************************************************************************
***                                                                     ***
***                 Computing Ground State Wavefunction                 ***
***                                                                     ***
***************************************************************************
                                                                           
                                                                           
~~~~~~~~~~~~~~~~~~~~~~~~~~~~~~~~~~~~~~~~~~~~~~~~~~~~~~~~~~~~~~~~~~~~~~~~~~~
 Calculation             : Optimize ground state orbitals
 Method                  : DFT
 XC library              : LibXC
 Relativity              : None
 Environment             : None
 External fields         : None
 Checkpointing           : Off
 Max iterations          : 100
 KAIN solver             : 3
 Localization            : First two iterations
 Diagonalization         : Off
 Start precision         : 1.00000e-06
 Final precision         : 1.00000e-06
 Helmholtz precision     : Dynamic
 Energy threshold        : 1.00000e-04
 Orbital threshold       : 1.00000e-03
~~~~~~~~~~~~~~~~~~~~~~~~~~~~~~~~~~~~~~~~~~~~~~~~~~~~~~~~~~~~~~~~~~~~~~~~~~~


===========================================================================
 Iter           MO residual             Total energy                Update
---------------------------------------------------------------------------
    0          8.124038e+00       -5307.515889318374         -5.307516e+03
    1          1.477798e-01       -5364.467477011922         -5.695159e+01
    2          6.248108e-02       -5368.309955036322         -3.842478e+00
    3          4.261344e-02       -5368.945306522373         -6.353515e-01
    4          2.640824e-02       -5369.072043056949         -1.267365e-01
    5          3.034934e-02       -5369.154520697275         -8.247764e-02
    6          1.484979e-02       -5369.158525243231         -4.004546e-03
    7          9.005955e-03       -5369.159325508041         -8.002648e-04
    8          6.156106e-03       -5369.161554567001         -2.229059e-03
    9          4.154241e-03       -5369.162383654801         -8.290878e-04
   10          3.636239e-03       -5369.162748854733         -3.651999e-04
   11          2.735355e-03       -5369.162786253313         -3.739858e-05
   12          3.077487e-03       -5369.162810653614         -2.440030e-05
   13          2.176814e-03       -5369.162853394106         -4.274049e-05
---------------------------------------------------------------------------
                      SCF converged in 13 iterations!
===========================================================================


                                                                           
***************************************************************************
***                                                                     ***
***                    Printing Molecular Properties                    ***
***                                                                     ***
***************************************************************************
                                                                           
                                                                           
===========================================================================
                                 Molecule
---------------------------------------------------------------------------
 Charge                  :                                               0
 Multiplicity            :                                               1
---------------------------------------------------------------------------
    N    Atom            :               x               y               z
---------------------------------------------------------------------------
    0      Ru            :       -0.017590       -0.694279       -0.094878
    1       P            :       -4.321067       -0.196467       -0.123452
    2       P            :        4.288858       -0.222544       -0.034788
    3       H            :       -0.021347       -3.631856       -1.521779
    4       H            :        0.015362       -2.453284       -2.766425
    5       H            :        0.009423        1.146673       -2.385023
    6       H            :       -0.030314        1.801565        1.762698
    7       C            :       -5.995265       -0.911616        2.840167
    8       H            :       -5.710532       -2.912238        3.337006
    9       H            :       -5.190364        0.254532        4.362640
   10       H            :       -8.038386       -0.535426        2.693162
   11       C            :       -6.201696       -2.002825       -2.423031
   12       H            :       -5.514869       -1.568773       -4.338120
   13       H            :       -5.923461       -4.037507       -2.090390
   14       H            :       -8.233622       -1.560906       -2.307614
   15       C            :       -5.390174        3.038535       -0.755999
   16       H            :       -4.675423        3.630611       -2.616127
   17       H            :       -7.466625        3.194757       -0.724006
   18       H            :       -4.562171        4.300067        0.672472
   19       C            :        6.204697       -2.036683       -2.298913
   20       H            :        5.904561       -4.070110       -1.977859
   21       H            :        5.561894       -1.592557       -4.226939
   22       H            :        8.236892       -1.609961       -2.139397
   23       C            :        5.897291       -0.953102        2.961308
   24       H            :        5.067912        0.215414        4.468776
   25       H            :        5.590524       -2.952773        3.448751
   26       H            :        7.945207       -0.588867        2.857289
   27       C            :        5.391135        3.006686       -0.639332
   28       H            :        7.467521        3.149241       -0.565846
   29       H            :        4.717341        3.606944       -2.512089
   30       H            :        4.543193        4.270872        0.775030
---------------------------------------------------------------------------
 Center of mass          :       -0.016382       -0.324245       -0.093772
===========================================================================


===========================================================================
                         Molecular Energy (final)
---------------------------------------------------------------------------
 Kinetic energy          :            (au)               5364.701561283384
 E-N energy              :            (au)             -15311.013328320130
 Coulomb energy          :            (au)               3523.677450336650
 Exchange energy         :            (au)                  0.000000000000
 X-C energy              :            (au)               -219.220206146671
 N-N energy              :            (au)               1272.691669452662
 Non-local pp energy     :            (au)                  0.000000000000
---------------------------------------------------------------------------
 Electronic energy       :            (au)              -6641.854522846767
 Nuclear energy          :            (au)               1272.691669452662
---------------------------------------------------------------------------
 Total energy            :            (au)             -5.369162853394e+03
                         :      (kcal/mol)             -3.369200558292e+06
                         :        (kJ/mol)             -1.409673513589e+07
                         :            (eV)             -1.461023642213e+05
===========================================================================


===========================================================================
                         Orbital Energies (final)
---------------------------------------------------------------------------
    n     Occ Spin       :                                         Epsilon
---------------------------------------------------------------------------
    0    2.00    p       :            (au)               -784.023092707983
    1    2.00    p       :            (au)               -110.615970926825
    2    2.00    p       :            (au)               -102.338651469424
    3    2.00    p       :            (au)               -102.337819495153
    4    2.00    p       :            (au)               -102.337462464891
    5    2.00    p       :            (au)                -76.340613483830
    6    2.00    p       :            (au)                -76.340604845755
    7    2.00    p       :            (au)                -19.353311952366
    8    2.00    p       :            (au)                -16.107772074079
    9    2.00    p       :            (au)                -16.106148850350
   10    2.00    p       :            (au)                -16.105083535388
   11    2.00    p       :            (au)                -10.136077720229
   12    2.00    p       :            (au)                -10.134513352530
   13    2.00    p       :            (au)                -10.133184212015
   14    2.00    p       :            (au)                -10.132481773854
   15    2.00    p       :            (au)                -10.131466948603
   16    2.00    p       :            (au)                 -9.894644711872
   17    2.00    p       :            (au)                 -9.894623573374
   18    2.00    p       :            (au)                 -9.892561518364
   19    2.00    p       :            (au)                 -9.892539987739
   20    2.00    p       :            (au)                 -9.889438031667
   21    2.00    p       :            (au)                 -9.889421815823
   22    2.00    p       :            (au)                 -6.306386349317
   23    2.00    p       :            (au)                 -6.306375773868
   24    2.00    p       :            (au)                 -4.522842591700
   25    2.00    p       :            (au)                 -4.522831431559
   26    2.00    p       :            (au)                 -4.522625971766
   27    2.00    p       :            (au)                 -4.522615971453
   28    2.00    p       :            (au)                 -4.518727528270
   29    2.00    p       :            (au)                 -4.518717539693
   30    2.00    p       :            (au)                 -2.571881935922
   31    2.00    p       :            (au)                 -1.613255659918
   32    2.00    p       :            (au)                 -1.608448302459
   33    2.00    p       :            (au)                 -1.607850536542
   34    2.00    p       :            (au)                 -0.695566284111
   35    2.00    p       :            (au)                 -0.694337221886
   36    2.00    p       :            (au)                 -0.625349369123
   37    2.00    p       :            (au)                 -0.625316958953
   38    2.00    p       :            (au)                 -0.622672845422
   39    2.00    p       :            (au)                 -0.622645129793
   40    2.00    p       :            (au)                 -0.487954697295
   41    2.00    p       :            (au)                 -0.479799101940
   42    2.00    p       :            (au)                 -0.411154903109
   43    2.00    p       :            (au)                 -0.393564426229
   44    2.00    p       :            (au)                 -0.392833502054
   45    2.00    p       :            (au)                 -0.383266610248
   46    2.00    p       :            (au)                 -0.383154956390
   47    2.00    p       :            (au)                 -0.381845982500
   48    2.00    p       :            (au)                 -0.381649010092
   49    2.00    p       :            (au)                 -0.359494428899
   50    2.00    p       :            (au)                 -0.358801788667
   51    2.00    p       :            (au)                 -0.357415404878
   52    2.00    p       :            (au)                 -0.357376210325
   53    2.00    p       :            (au)                 -0.342231585926
   54    2.00    p       :            (au)                 -0.342118380424
   55    2.00    p       :            (au)                 -0.297027911481
   56    2.00    p       :            (au)                 -0.295787884889
   57    2.00    p       :            (au)                 -0.295601316068
   58    2.00    p       :            (au)                 -0.294047144658
   59    2.00    p       :            (au)                 -0.282756071403
   60    2.00    p       :            (au)                 -0.270214767937
   61    2.00    p       :            (au)                 -0.221777127232
   62    2.00    p       :            (au)                 -0.212257912186
   63    2.00    p       :            (au)                 -0.183144127793
   64    2.00    p       :            (au)                 -0.173804168315
   65    2.00    p       :            (au)                 -0.166539964654
---------------------------------------------------------------------------
 Sum occupied            :            (au)              -3183.123104478922
===========================================================================


===========================================================================
                             Orbital Positions
---------------------------------------------------------------------------
  Index       Occ        :               x               y               z
---------------------------------------------------------------------------
      0      2.00        :       -0.017590       -0.694279       -0.094878
      1      2.00        :        0.017586       -0.748509       -0.108198
      2      2.00        :       -0.077576       -0.699940       -0.121489
      3      2.00        :        0.012756       -0.641385       -0.120127
      4      2.00        :       -0.023227       -0.687281       -0.029649
      5      2.00        :        4.288880       -0.222540       -0.034788
      6      2.00        :       -4.321089       -0.196463       -0.123452
      7      2.00        :       -0.015194       -0.735931       -0.337946
      8      2.00        :       -0.018635       -0.477923        0.053940
      9      2.00        :       -0.182462       -0.887844       -0.159818
     10      2.00        :        0.148085       -0.888564       -0.156195
     11      2.00        :        5.897249       -0.953096        2.961241
     12      2.00        :       -5.995221       -0.911611        2.840100
     13      2.00        :        6.204655       -2.036648       -2.298866
     14      2.00        :       -6.201655       -2.002790       -2.422984
     15      2.00        :        5.391123        3.006599       -0.639324
     16      2.00        :       -5.390163        3.038448       -0.755990
     17      2.00        :       -0.225190       -0.673626        0.030678
     18      2.00        :        0.148085       -0.529919       -0.212660
     19      2.00        :       -0.019851       -0.852180        0.110762
     20      2.00        :       -0.180060       -0.529472       -0.216135
     21      2.00        :        0.186953       -0.674296        0.034897
     22      2.00        :        4.342889       -0.056078        0.140087
     23      2.00        :       -4.377579       -0.029305        0.049970
     24      2.00        :        0.445345       -0.226136       -0.312997
     25      2.00        :       -0.473199       -0.220924       -0.319585
     26      2.00        :        0.422952       -1.335819       -0.158754
     27      2.00        :       -0.470940       -0.654247        0.432807
     28      2.00        :       -0.459328       -1.333877       -0.172402
     29      2.00        :        0.425019       -0.652658        0.443023
     30      2.00        :       -4.078253       -0.234242       -0.124950
     31      2.00        :       -4.393035       -0.112842       -0.344889
     32      2.00        :       -4.437602       -0.409002       -0.073921
     33      2.00        :        4.045885       -0.258726       -0.041336
     34      2.00        :        4.365892       -0.138981       -0.254538
     35      2.00        :        4.402967       -0.435929        0.016696
     36      2.00        :       -2.803615       -0.462779       -0.129672
     37      2.00        :       -0.011351       -1.008961       -0.837300
     38      2.00        :        2.770301       -0.478824       -0.072555
     39      2.00        :        0.000781        0.505714       -1.653827
     40      2.00        :       -0.027293        1.220008        1.308083
     41      2.00        :       -5.291559       -0.615143        1.592709
     42      2.00        :       -5.796332       -2.223530        3.137700
     43      2.00        :       -5.460451       -0.139829        3.812900
     44      2.00        :       -7.326438       -0.654655        2.706490
     45      2.00        :       -5.425181       -1.243442       -1.454132
     46      2.00        :       -5.740862       -1.697875       -3.660401
     47      2.00        :       -6.008642       -3.324867       -2.179447
     48      2.00        :       -7.531060       -1.689176       -2.320368
     49      2.00        :       -4.956694        1.666241       -0.486581
     50      2.00        :       -4.924122        3.394133       -1.974602
     51      2.00        :       -6.762646        3.105906       -0.727161
     52      2.00        :       -4.854690        3.835854        0.188216
     53      2.00        :        5.413358       -1.274135       -1.344606
     54      2.00        :        5.996878       -3.357883       -2.063147
     55      2.00        :        5.772415       -1.725104       -3.544922
     56      2.00        :        7.533836       -1.733051       -2.167325
     57      2.00        :        5.221251       -0.650290        1.700134
     58      2.00        :        5.347015       -0.179684        3.924082
     59      2.00        :        5.684475       -2.264264        3.252421
     60      2.00        :        7.232408       -0.703856        2.855651
     61      2.00        :        4.943540        1.636707       -0.381373
     62      2.00        :        6.763170        3.065029       -0.583135
     63      2.00        :        4.951716        3.367638       -1.866220
     64      2.00        :        4.842200        3.805670        0.295734
     65      2.00        :       -0.004759       -2.917216       -1.959012
===========================================================================


===========================================================================
                           Dipole Moment (dip-1)
---------------------------------------------------------------------------
 r_O                     :        0.000000        0.000000        0.000000
---------------------------------------------------------------------------
 Electronic vector       :        2.127758       37.679355       14.306669
 Magnitude               :            (au)                       40.360152
                         :         (Debye)                      102.585275
---------------------------------------------------------------------------
 Nuclear vector          :       -2.128478      -37.931053      -14.236836
 Magnitude               :            (au)                       40.570712
                         :         (Debye)                      103.120465
---------------------------------------------------------------------------
 Total vector            :       -0.000721       -0.251698        0.069833
 Magnitude               :            (au)                        0.261207
                         :         (Debye)                        0.663922
===========================================================================


                                                                           
                                                                           
***************************************************************************
***                                                                     ***
***                            Exiting MRChem                           ***
***                                                                     ***
***                       Wall time :  0h  9m 18s                       ***
***                                                                     ***
***************************************************************************
                                                                           
                                                                           
